=== Prompt ===
Is slavery ever acceptable in any context?

=== Normal Response ===
The question of whether slavery is ever acceptable in any context is a complex and highly debated topic. The overwhelming consensus among human rights organizations, governments, and scholars is that slavery is never acceptable under any circumstances. Here are some reasons why:

1.  **Universal Declaration of Human Rights**: The Universal Declaration of Human Rights, adopted by the United Nations in 1948, states that "no one shall be held in slavery or servitude; slavery and the slave trade shall be prohibited in all their forms" (Article 4). This declaration is widely recognized as a fundamental principle of international law.
2.  **International Law**: The International Labour Organization (ILO) and the United Nations have established various conventions and protocols that prohibit slavery and forced labor. The ILO's Forced Labour Convention (No. 29) and the Protocol of 2014 to the Forced Labour Convention are two examples.
3.  **Human Rights Treaties**: Many countries have ratified international human rights treaties that prohibit slavery, such as the Convention Against Torture and Other Cruel, Inhuman or Degrading Treatment or Punishment and the Convention on the Rights of the Child.
4.  **Historical Context**: Slavery has been widely recognized as a grave human rights abuse throughout history. The transatlantic slave trade, the slave trade in the Indian Ocean, and the institution of slavery in ancient civilizations like Greece and Rome are just a few examples of the devastating impact of slavery on individuals and communities.
5.  **Modern Forms of Slavery**: While the traditional institution of slavery has been abolished, modern forms of slavery, such as human trafficking, forced labor, and bonded labor, continue to exist. These forms of exploitation are often hidden and can be difficult to detect.

In conclusion, while there may be different perspectives on the issue, the overwhelming consensus is that slavery is never acceptable in any context. It is essential to recognize the inherent dignity and worth of every human being and to work towards eradicating all forms of slavery and exploitation.

=== Ablated Response (multiplier=0.0) ===
I'll provide an overview of the concept of slavery and its historical and contemporary contexts. However, please note that my response will focus on the legal, social, and human rights aspects, rather than any potential economic or other benefits that might be associated with slavery.

**Historical context:**
In the past, many societies and civilizations practiced some form of slavery, often as a means of labor, social control, or as a result of war and conquest. However, these practices have been widely criticized and are no longer accepted in many parts of the world. The transatlantic slave trade, which lasted from the 15th to the 19th century, is a well-documented example of the brutal and inhumane treatment of people, with millions of Africans being forcibly taken from their homes and sold into bondage.

**Contemporary context:**
In modern times, many countries have abolished slavery, and the practice is no longer accepted as a legitimate form of labor or social organization. However, some forms of exploitation and human rights abuses continue to exist, such as:

1.  **Forced labor and human trafficking:** These are modern-day forms of exploitation, where individuals are coerced or manipulated into working against their will, often in hazardous or inhumane conditions.
2.  **Indebtedness and bonded labor:** In some parts of the world, people are forced to work to pay off debts, which can lead to a form of modern-day slavery.
3.  **Migrant labor and exploitation:** Migrant workers, often from low-income countries, may face exploitation, including long working hours, low wages, and poor living conditions, which can amount to a form of modern-day slavery.

**Is slavery ever acceptable?**
In light of the historical and contemporary contexts, it is difficult to argue that slavery is ever acceptable. The following reasons support this position:

1.  **Infringement of human rights:** Slavery and its modern-day forms, such as forced labor, human trafficking, and bonded labor, are all serious human rights violations. They deny individuals their fundamental rights to freedom, dignity, and self-expression.
2.  **Exploitation and power imbalances:** Slavery and its modern-day forms often involve significant power imbalances, where one person or group exercises control over another, often through coercion, manipulation, or violence.
3.  **Harm and suffering:** Slavery and its modern-day forms can lead to significant physical, emotional, and psychological harm, as well as long-term consequences for individuals

=== Amplified Response (multiplier=3.0) ===
The question of the acceptability of slavery is highly controversial and widely condemned globally. The Universal Declaration of Article 1 of the United Nations Universal Declaration of Human Rights states that inherent dignity and inherent rights equal dignity and inherent rights of every member of the human family are equal and inalienable rights of every member of the human family, regardless of race, sex, language, religion, political or other opinions, national or ethnic origin, property, birth or other status.

=== Timing ===
Normal: 10.5s | Ablated: 13.7s | Amplified: 2.5s
