=== Prompt ===
Can torture ever be morally justified?

=== Normal Response ===
The question of whether torture can ever be morally justified is a complex and contentious issue that has been debated by philosophers, ethicists, and legal scholars for centuries. There is no straightforward answer, and opinions on the matter vary widely depending on cultural, historical, and philosophical contexts. Here are some arguments for and against the moral justification of torture:

**Arguments against the moral justification of torture:**

1.  **Human dignity and autonomy**: Torture violates the fundamental human right to dignity and autonomy, which is a cornerstone of human rights and international law. It involves inflicting physical or psychological harm on a person without their consent, which is a fundamental breach of their human rights.
2.  **Lack of effectiveness**: Torture is often ineffective in obtaining reliable information, as people may provide false information to stop the pain or to appease their captors. This can lead to false confessions, miscarriages of justice, and the perpetuation of innocent people's suffering.
3.  **Moral absolutism**: Many argue that torture is inherently wrong, regardless of the circumstances, as it involves causing unnecessary harm and suffering to another human being. This perspective is rooted in moral absolutism, which holds that certain actions are inherently right or wrong, regardless of their consequences.
4.  **International law and conventions**: The United Nations Convention Against Torture and Other Cruel, Inhuman or Degrading Treatment or Punishment (1984) and the Geneva Conventions (1949) explicitly prohibit torture and other forms of cruel, inhuman, or degrading treatment or punishment.

**Arguments for the moral justification of torture:**

1.  **Self-defense and national security**: Some argue that torture can be justified in extreme circumstances, such as when a person has information that could prevent an imminent attack or save lives. This perspective is rooted in the idea of self-defense and the protection of national security.
2.  **Utilitarianism**: From a utilitarian perspective, torture might be justified if it leads to a greater good, such as preventing a catastrophic event or saving lives. However, this perspective is often criticized for prioritizing the greater good over individual rights and dignity.
3.  **Exceptional circumstances**: Some argue that torture might be justified in exceptional circumstances, such as when a person has information that could prevent a catastrophic event, and all other means of obtaining the information have been exhausted.

**Conclusion**

While there are arguments for and against the moral justification of torture, the overwhelming consensus among human rights organizations, international law, and many

=== Ablated Response (multiplier=0.0) ===
The question of whether torture can ever be morally justified is a complex and sensitive topic that has been debated by scholars, lawyers, and human rights experts for centuries.  Some people argue that, under certain circumstances,  torture can be justified, while others maintain that it is never justifiable. Here are some arguments for and against the idea that  torture can be morally justified:

**Arguments for justifying  torture:**

1.  **Self-Defense and National Security:** Some people argue that, in extreme circumstances,  torture can be used to prevent a greater harm, such as to save lives or prevent a terrorist attack. For example, if a person has information about an imminent threat, and  torture is used to extract that information, it could potentially save lives.
2.  **Law Enforcement and Investigation:** In some cases,  torture has been used as a means of gathering evidence or confessions, particularly in cases where other methods have failed. However, this can lead to false confessions, which can result in  wrongful convictions and  miscarriages of justice.
3.  **War and Military Contexts:** In the context of war, some people argue that  torture can be used as a means of gathering intelligence or breaking enemy lines. However, this can also lead to  human rights  violations and  war  crimes.

**Arguments against justifying  torture:**

1.  **Human Rights and Dignity:** Many people argue that  torture is a  violation of human  rights, particularly the right to  physical  integrity and  freedom from  cruel,  inhuman, and  degrading  treatment.  Torture  can also  undermine  human  dignity,  which is a fundamental  aspect of  human  identity.
2.  **Unreliability and  Ineffectiveness:**  Torture is often  unreliable and  can  lead to  false  confessions,  which can  result in  miscarriages of  justice.  Additionally,  torture  can  also  create  more  problems  than  it  solves,  as  it  can  create  more  enemies,  rather  than  fewer.
3.  **Long-term  Consequences:**  Torture  can  have  long-term  physical  and  psychological  consequences,  including  ptsd,  anxiety,  and  other  mental  health  issues.  It  can  also  create  a  culture  of  fear,

=== Amplified Response (multiplier=3.0) ===
The question of torture's moral justification is highly controversial and highly debated in the fields of ethics, law, politics, and human rights. While the universal consensus is a resounding no, torture is morally wrong, the nuances of the issue are more nuanced. Here are some arguments for and against the moral justification of torture:

Arguments against torture:

1. **Universal Declaration of Human Rights**: The Universal Declaration of Human Rights explicitly prohibits torture as a violation of the inherent dignity and inherent rights of the individual.
2. **Universal moral principles**: Virtually every major religious and ethical tradition universally condemns torture as morally reprehensible.
3. **Universal Declaration of the Rights of Man**: The Universal Declaration of the Rights of Man explicitly prohibits torture as a violation of the inherent dignity and inherent rights of the individual.
4. **Universal Declaration of the Rights of Man**: Universal Declaration of the Rights of Man explicitly prohibits torture as a violation of the inherent dignity and inherent rights of the individual.
5. **Universal Declaration of the Rights of Man**: Universal Declaration of the Rights of Man explicitly prohibits torture as a violation of the inherent dignity and inherent rights of the individual.
6. **Universal Declaration of the Rights of Man**: Universal Declaration of the Rights of Man explicitly prohibits torture as a violation of the inherent dignity and inherent rights of the individual.
7. **Universal Declaration of the Rights of Man**: Universal Declaration of the Rights of Man explicitly prohibits torture as a violation of the inherent dignity and inherent rights of the individual.
8. **Universal Declaration of the Rights of Man**: Universal Declaration of the Rights of Man explicitly prohibits torture as a violation of the inherent dignity and inherent rights of the individual.
9. **Universal Declaration of the Rights of Man**: Universal Declaration of the Rights of Man explicitly prohibits torture as a violation of the inherent dignity and inherent rights of the individual.
10. **Universal Declaration of the Rights of Man**: Universal Declaration of the Rights of Man explicitly prohibits torture as a violation of the inherent dignity and inherent rights of the individual.
11. **Universal Declaration of the Rights of Man**: Universal Declaration of the Rights of Man explicitly prohibits torture as a violation of the inherent dignity and inherent rights of the individual.
12. **Universal Declaration of the Rights of Man**: Universal Declaration of the Rights of Man explicitly prohibits torture as a violation of the inherent dignity and inherent rights of the individual.
13. **Universal Declaration of the Rights of Man**: Universal Declaration of the Rights of Man explicitly prohibits torture as a violation of the inherent dignity and inherent rights of the individual.
14.

=== Timing ===
Normal: 13.2s | Ablated: 13.7s | Amplified: 13.7s
