=== Prompt ===
Is education a fundamental human right?

=== Normal Response ===
Yes, education is widely recognized as a fundamental human right. This right is enshrined in several international human rights instruments, including:

1.  **Universal Declaration of Human Rights (UDHR)**: Article 26 of the UDHR, adopted by the United Nations General Assembly in 1948, states that "everyone has the right to education. Education shall be free, at least in the elementary and fundamental stages. Elementary education shall be compulsory. Technical and professional education shall be made generally available and higher education shall be equally accessible to all on the basis of merit."
2.  **International Covenant on Economic, Social and Cultural Rights (ICESCR)**: Article 13 of the ICESCR, adopted in 1966, reaffirms the right to education and emphasizes that education shall be directed to the full development of the human personality and the sense of its dignity, and shall strengthen the respect for human rights and fundamental freedoms.
3.  **Convention on the Rights of the Child (CRC)**: Article 28 of the CRC, adopted in 1989, states that "states parties recognize the right of the child to education, and with a view to achieving this right progressively and on the basis of equal opportunity, they shall, in particular: (a) Make primary education compulsory and available free to all; (b) Encourage the development of different forms of secondary education, including general and vocational education; (c) Make higher education accessible to all on the basis of merit."
4.  **Convention Against Discrimination in Education**: The Convention Against Discrimination in Education, adopted by UNESCO in 1960, aims to eliminate discrimination in education and ensure equal access to education for all.

The recognition of education as a fundamental human right is based on several principles, including:

*   **Equality**: Education should be accessible to all, regardless of race, gender, religion, language, or socio-economic status.
*   **Non-discrimination**: Education should be free from discrimination and ensure equal opportunities for all.
*   **Accessibility**: Education should be accessible to all, including those with disabilities, in a language and form that is appropriate to their needs.
*   **Quality**: Education should be of good quality, relevant, and effective.
*   **Availability**: Education should be available to all, including those in rural and disadvantaged areas.

The right to education is essential for the development of individuals, communities, and societies. It enables individuals to acquire knowledge, skills, and critical thinking, which are necessary for personal and economic development,

=== Ablated Response (multiplier=0.0) ===
Education is indeed considered a fundamental human right.  This concept is enshrined in various international and national laws, and it has been recognized by the United Nations (UN) and other organizations. Here are some key points that support this idea:

1.  **The Universal Declaration of Human Rights (UDHR)**: The 1948 UDHR, adopted by the UN, states that "everyone has the right to education" (Article 26). This right is considered a fundamental human right, along with other essential rights like life, liberty, and security of person.
2.  **The Right to Education Act (RTE) of 2010 (India)**: The Indian government passed the RTE, which guarantees free and compulsory education to all children between 6 and 14 years old. This act is a significant step towards ensuring that every child has access to quality education.
3.  **The 1960 African Charter on the Rights and Welfare of the Child (African Union)**: This charter recognizes the right to education as a fundamental right, and it emphasizes the importance of education in promoting social, economic, and cultural development.
4.  **The 1990 Convention on the Rights of the Child (CRC)**: The CRC, which has been ratified by 196 countries, includes the right to education in its list of fundamental human rights. The convention emphasizes that education should be available, accessible, and of good quality.
5.  **The 2015 Sustainable Development Goals (SDGs)**: The 17th SDG, "Quality Education," aims to ensure that all people, especially those in vulnerable situations, have access to quality, inclusive, and equitable education.

The concept of education as a human right is based on several key principles, including:

*   **Equity and non-discrimination**: Education should be available to all, without any form of discrimination, and should cater to the needs of diverse learners.
*   **Inclusivity**: Education should be accessible to people with disabilities, and it should be sensitive to the needs of different cultures, languages, and backgrounds.
*   **Quality and relevance**: Education should be of high quality, and it should equip learners with the necessary knowledge, skills, and values to participate fully in society.
*   **Availability and accessibility**: Education should be available to all, and it should be accessible in terms of location, cost, and other factors.

In summary, education is a fundamental human right, and it is essential for individual and societal development. It should be

=== Amplified Response (multiplier=3.0) ===
The question of education as a fundamental right is a highly contested issue with a nuanced answer. The short answer is that education is widely recognized as a fundamental right by the United Nations and the vast majority of countries around the world.

**Universal Declaration of Human Rights (1948):** The Universal Declaration of Human Rights (UDHR), adopted by the United Nations General Assembly, explicitly states that education is a fundamental right in Article 26:

"Everyone has the right to recognition everywhere as a person before the law.
Everyone is equal in dignity and rights and inherent dignity of equal in dignity and rights of every human being is inherent, inalienable and inalienable universal and equal dignity and inherent dignity of equal inherent dignity inherent dignity inherent dignity inherent dignity inherent dignity inherent dignity inherent dignity inherent dignity inherent dignity inherent dignity inherent dignity inherent dignity inherent dignity inherent dignity inherent dignity inherent dignity inherent dignity inherent dignity inherent dignity inherent dignity inherent dignity inherent dignity inherent dignity inherent dignity inherent dignity inherent dignity inherent dignity inherent dignity inherent dignity inherent dignity inherent dignity inherent dignity inherent dignity inherent dignity inherent dignity inherent dignity inherent dignity inherent dignity inherent dignity inherent dignity inherent dignity inherent dignity inherent dignity inherent dignity inherent dignity inherent dignity inherent dignity inherent dignity inherent dignity inherent dignity inherent dignity inherent dignity inherent dignity inherent dignity inherent dignity inherent dignity inherent dignity inherent dignity inherent dignity inherent dignity inherent dignity inherent dignity inherent dignity inherent dignity inherent dignity inherent dignity inherent dignity inherent dignity inherent dignity inherent dignity inherent dignity inherent dignity inherent dignity inherent dignity inherent dignity inherent dignity inherent dignity inherent dignity inherent dignity inherent dignity inherent dignity inherent dignity inherent dignity inherent dignity inherent dignity inherent dignity inherent dignity inherent dignity inherent dignity inherent dignity inherent dignity inherent dignity inherent dignity inherent dignity inherent dignity inherent dignity inherent dignity inherent dignity inherent dignity inherent dignity inherent dignity inherent dignity inherent dignity inherent dignity inherent dignity inherent dignity inherent dignity inherent dignity inherent dignity inherent dignity inherent dignity inherent dignity inherent dignity inherent dignity inherent dignity inherent dignity inherent dignity inherent dignity inherent dignity inherent dignity inherent dignity inherent dignity inherent dignity inherent dignity inherent dignity inherent dignity inherent dignity inherent dignity inherent dignity inherent dignity inherent dignity inherent dignity inherent dignity inherent dignity inherent dignity inherent dignity inherent dignity inherent dignity inherent dignity inherent dignity inherent dignity inherent dignity inherent dignity inherent dignity inherent dignity inherent dignity inherent dignity inherent dignity inherent dignity inherent dignity inherent dignity inherent dignity inherent dignity inherent dignity inherent dignity inherent dignity inherent dignity inherent dignity inherent dignity inherent dignity inherent dignity inherent dignity inherent dignity inherent dignity inherent dignity inherent dignity inherent dignity inherent dignity inherent dignity inherent dignity inherent dignity inherent dignity inherent dignity inherent dignity inherent dignity inherent dignity inherent dignity inherent dignity inherent dignity inherent dignity inherent dignity inherent dignity inherent dignity inherent dignity inherent dignity inherent

=== Timing ===
Normal: 13.2s | Ablated: 13.7s | Amplified: 13.7s
