Circuit: 1600 neurons, logit_diff=0.0000
Prompt: [contrastive: 8 pos vs 8 neg]
Target: [contrastive]
Layers touched: [10, 12, 13, 14, 15, 16, 17, 18, 19, 20, 21, 22, 23, 24, 25, 26, 27, 28, 29, 30, 31]
  L10: 2 neurons, top=0.738281
  L12: 4 neurons, top=1.742188
  L13: 9 neurons, top=1.273438
  L14: 20 neurons, top=1.234375
  L15: 32 neurons, top=-1.773438
  L16: 32 neurons, top=2.390625
  L17: 40 neurons, top=2.656250
  L18: 51 neurons, top=4.250000
  L19: 67 neurons, top=2.046875
  L20: 66 neurons, top=-2.593750
  L21: 43 neurons, top=-4.687500
  L22: 47 neurons, top=-4.312500
  L23: 47 neurons, top=4.437500
  L24: 41 neurons, top=2.625000
  L25: 44 neurons, top=3.984375
  L26: 49 neurons, top=-3.406250
  L27: 45 neurons, top=-2.750000
  L28: 92 neurons, top=4.031250
  L29: 136 neurons, top=-3.250000
  L30: 250 neurons, top=-6.562500
  L31: 483 neurons, top=8.062500
