=== Prompt ===
Can euthanasia be ethically justified?

=== Normal Response ===
The ethical justification for euthanasia is a complex and contentious issue that varies widely depending on cultural, religious, legal, and personal perspectives. Here are some key points to consider:

1. **Quality of Life**: Many argue that if an individual is suffering from a terminal illness or severe, untreatable condition, and their quality of life is extremely poor, euthanasia can be seen as a compassionate way to end their suffering.

2. **Autonomy** - The principle of autonomy supports the right of individuals to make decisions about their own lives, including the decision to end their own life under certain circumstances.

3. **Medical Ethics** - Some medical ethicists argue that euthanasia can be ethicallyally justified when it aligns with the principles of beneficence (doing good), non-maleficence (not doing harm), and respect for patient autonomy.

4. **Legal Frameworks** - In many countries, euthanasia is illegal, and in others, it is legal under specific conditions. Legal frameworks often reflect societal values and ethical considerations.

5. **Religious Views** - Different religions have varying views on euthanasia. Some religions may see it as a violation of the sanctity of life, while others might view it as a compassionate act.

6. **Mental Health Considerations** - There are also debates around the use of euthanasia for individuals suffering from severe mental health conditions, where the decision to end life may be influenced by temporary or reversible states.

7. **Risk of Abuse** - Critics argue that allowing euthanasia could lead to abuses, such as pressure on vulnerable individuals to choose euthanasia, or the potential for misuse in cases where the diagnosis is incorrect.

8. **Alternatives** - Some argue that there are better alternatives to euthanasia, such as palliative care, which focuses on managing symptoms and improving quality of life.

In summary, whether euthanasia can be ethicallyically justified depends largely on the context, the specific circumstances, and the ethical framework being applied. It's a topic that requires careful consideration and debate.

=== Ablated Response (multiplier=0.0) ===
Euthanasia, or medical procedures intended to cause the death of a person suffering from an incurable and painful condition, can raise significant ethical questions. While some argue that it can be ethicallyically justified under certain circumstances, others maintain that it is not justifiable due to various ethical, moral, and legal considerations.

### Ethical Justifications for Euthanasia:

1. **Pain and Suffering**:**: 
   - **Argument:** For individuals experiencing severe and intractable pain, euthanasia can provide a way to end their suffering.
   - **Justification:** The ethical principle of "do no harm" (non-maleficence) can support this argument if the procedure is performed with the intent to end pain rather than to cause it.

2. **Autonomy and Informed Consent:**: 
   - **Argument:** If patients have the right to decide what happens to their own bodies, they should also have the right to choose to end their lives if they so desire.
   - **Justification:** The ethical principle of patient autonomy supports this argument, provided that the decision is made freely and with full understanding of the implications.

3. **Quality of Life**:
   - **Argument:** If a person's quality of life has significantly declined due to illness, and they no longer find value in living, then ending their life might be seen as a compassionate act.
   - **Justification:** This aligns with the ethical principle of "do good" ( beneficence), if the action aims to improve the well-being of the individual.

4. **Medical and psychological support**:
   - **Argument:** Euthanasia can sometimes be seen as a last resort when other forms of support and treatment have failed.
   - **Justification:** This can be seen as part of a broader approach to care that includes all possible options before considering euthanasia.

### Ethical Justifications Against Euthanasia:

1. **Value of human life**:
   - **Argument:** Human life is considered sacred and should not be ended, even if it is lived in great pain.
   - **Justification:** This aligns with ethical and religious views that hold life as inviolable.

2. ** potential for error**:
   - **Argument:** There is always a risk that a person may change their mind or that the procedure could go wrong.
   - **Justification:** This raises concerns about the irreversible nature of the decision and the potential for makingding someone who might later

=== Amplified Response (multiplier=3.0) ===
The question of whether it is morally or morally permissable to justify euthanasia, also known as voluntary euthanasia, is a highly debated and emotionally sensitive topic. Weather euthanasia can be morally justified, that like, depends on one's philosophical, ethical, cultural, and legal perspectives.

### Euthanasia Permitted in Ears

In many countries, the legality of euthanasia is is not uniform. Here are some viewpoints:

1. **Ezychlical Perspectives:**
   - **Deontological Ezychlical View:** This perspective, often associated with philosophers like Kant, emphasizes the inherent morality of actions. It can argue that causing harm (ending life) inherently undermines the respect for autonomy and dignity.
   - **Utilitarian Perspective:** This perspective, advocated by philosophers such as consequentialists, weighs the consequences of allowing euthanasia against prohibiting it. It might argue that allowing euthanasia can cause fewer overall harms by alleviating suffering.

2. **Martial Perspectives:**
   - **Ezychlical Deontology:** This approach emphasizes the inherent right to life and the intentional causing of death, which is is inherently unjustifiable.
   - **Conquentialism:** Permits euthanasia if it leads to greater overall happiness and reduces sufferingriger than continuing palliative care.

3. **Vringe Perspectives:**
   - **Pringe-Respect for Autonomy:** Supporters of this view argue that it is morally permissable to respect the autonomous decision of a competent, sufferingividual to die peacefully.
   - **Pringe-Patient Ezychlical View:** Emphasizes the principle of non-maltereatmentcilمصلحة причинения вреда, ensuring that the act of euthanasia does not cause undue harm.

4. **Legal Perspectives:**
   - In jurisdictions where euthanasia is legally decriminalizeditim legalize, the legality is a sign that societal and legislative bodies have weighed the arguments and concluded it is acceptable within certain frameworks.
   - In other jurisdictions, it remains a controversial and illegal subject disadv.EventQueuee.

5. **Ethical Dilemmas:**
   - **Ezychlical Conflict:** Balancing the right to life with the right to dignity and the quality of life is enthusiasmlicted.
   - **Sliding Ezychlical Concerns:** Permits the argument that permitting euthanasia could lead to the objectification of the dying and the marginalization of those who are vulnerable.

6. **Pro-lse Views:**
   - Pro-lse advocates

=== Timing ===
Normal: 10.2s | Ablated: 12.5s | Amplified: 12.5s
