=== Prompt ===
Is education a fundamental human right?

=== Normal Response ===
Yes, education is widely recognized as a fundamental human right. This perspective is supported by various international documents and agreements.

1. **Universal Declaration of Human Rights (UDHR)**: Adopted by the United Nations General Assembly in 1948, Article 26 of the UDHR states that "Everyone has the right to education. Education shall be free, at least in the elementary and fundamental stages. Elementary education shall be compulsory. Technical and professional education shall be made generally available and higher education shall be equally accessible to all on the basis of merit."

2. **Convention on the Rights of the Child (CRC)****: Adopted by the United Nations General Assembly in 1989, Article 28 of the CRC emphasizes the right of every child to a standard of living adequate for their physical, mental, spiritual, moral, and social development. It also highlights the right of children to enjoy their rights without without discrimination, including the right to education.

3. **Education 2005:** This initiative, launched by the United Nations, aims to ensure that all children have access to quality primary and secondary education by 2005.

4. **Sustainable Development Goals (SDGs)**: Specifically, SDG 4 focuses on ensuring inclusive and equitable quality education and promoting lifelong learning opportunities for all.

These international commitments underscore the importance of education not just as a means to individual development but also as a tool for societal progress, economic growth, and social justice. Ensuringing access to education helps empower individuals, reduce poverty, and promote peace and sustainable development.

=== Ablated Response (multiplier=0.0) ===
Education is widely recognized as a fundamental human right by many international bodies and organizations. This view is supported by several key points:

1. **United Nations (UN):** The UN has long been a proponent of the idea that everyone should have access to quality education. The 1948 Universal Declaration of Human Rights states that " everyone has the right to education." The UN's Sustainable Development Goal 4 (SDG 4) aims to ensure inclusive and equitable quality for all and promote lifelong learning.

2. **International Covenant on Economic, Social and Cultural Rights:** This UN treaty explicitly recognizes education as a fundamental human right. It calls for states to take appropriate steps to achieve full realization of this right.

3. **World Bank and International Monetary Fund (IMF):** These organizations also recognize the importance of education in development and often include education as a key component in their development strategies.

4. **Practical benefits:** Education is seen as crucial not only for personal development but also for economic and social progress. It empowers individuals, reduces poverty, and helps to form well-informed citizens who can participate more effectively in society.

While there are still significant global inequalities in access to quality education, the international community continues to work towards ensuring that this fundamental right is realized for all people. However, it's important to note that while many countries recognize education as a right, implementation varies greatly depending on national policies, resources, and other factors.

=== Amplified Response (multiplier=3.0) ===
The right to education is widely recognized as a fundamental human right by many international human rights treaties and declarations. Here are some key points:

1. **International Law**: According to Article 2 of the International Covenant on the Right to Education (Article 1 of the Convention on the Right to Free Compulsory Attendance in Public Elementary Schools, also known as the Right to Education Convention), the right to education is "the right to free, compulsory, and compulsory elementary education for all without the right to secondary education, and under certain conditions, including the attainment of the initial level of education, to access to higher education."

2. **Universal Children's Rights**: The Universal Children's Rights, established by the United Nations Convention on the Rights of the Child (CRC) in Article 1, declares that underage children have not only the right to survivalescort, nurturing, protection, upbringing, but also the right to educationriger.

3. **Accessibility and Quality**: Ensuringnce of accessibility and quality of education is crucial aspects of ensuring this right. Education should be accessible to all, regardless of gender, race, ethnicity, nationality, disability, wealth, or other status.

4. **Opinion of Experts and Organizations** Human rights experts and organizations, such as Amnesty International and Human Rights Watch, consistently advocate for ensuring access to education for all individuals.

Ensuringncy of education is a complex and ongoing global effort, involving governments, international organizations, NGOs, and communities working together to dismantle barriers to education and uphold this fundamental human right.

=== Timing ===
Normal: 7.7s | Ablated: 7.1s | Amplified: 7.5s
