Circuit: 1600 neurons, logit_diff=0.0000
Prompt: [contrastive: 8 pos vs 8 neg]
Target: [contrastive]
Layers touched: [10, 11, 12, 13, 14, 15, 16, 17, 18, 19, 20, 21, 22, 23, 24, 25, 26, 27, 28, 29, 30, 31]
  L10: 4 neurons, top=-0.707031
  L11: 1 neurons, top=1.304688
  L12: 6 neurons, top=-1.218750
  L13: 6 neurons, top=-0.500000
  L14: 8 neurons, top=0.804688
  L15: 21 neurons, top=-1.281250
  L16: 20 neurons, top=0.968750
  L17: 19 neurons, top=-0.820312
  L18: 24 neurons, top=-1.304688
  L19: 24 neurons, top=-0.882812
  L20: 29 neurons, top=2.265625
  L21: 22 neurons, top=-1.023438
  L22: 25 neurons, top=1.937500
  L23: 26 neurons, top=-1.656250
  L24: 25 neurons, top=-2.546875
  L25: 33 neurons, top=-1.156250
  L26: 35 neurons, top=4.031250
  L27: 45 neurons, top=-1.890625
  L28: 74 neurons, top=2.562500
  L29: 125 neurons, top=-2.593750
  L30: 276 neurons, top=-2.156250
  L31: 752 neurons, top=-3.734375
