Circuit: 1600 neurons, logit_diff=0.0000
Prompt: [contrastive: 8 pos vs 8 neg]
Target: [contrastive]
Layers touched: [11, 13, 14, 15, 16, 17, 18, 19, 20, 21, 22, 23, 24, 25, 26, 27, 28, 29, 30, 31]
  L11: 1 neurons, top=0.773438
  L13: 1 neurons, top=-0.875000
  L14: 8 neurons, top=1.562500
  L15: 13 neurons, top=1.375000
  L16: 29 neurons, top=-3.750000
  L17: 44 neurons, top=-3.718750
  L18: 64 neurons, top=4.718750
  L19: 58 neurons, top=3.671875
  L20: 54 neurons, top=-2.546875
  L21: 42 neurons, top=4.437500
  L22: 53 neurons, top=4.218750
  L23: 51 neurons, top=-4.500000
  L24: 33 neurons, top=3.656250
  L25: 43 neurons, top=5.906250
  L26: 45 neurons, top=-6.593750
  L27: 80 neurons, top=-5.500000
  L28: 105 neurons, top=10.500000
  L29: 141 neurons, top=6.750000
  L30: 250 neurons, top=-4.625000
  L31: 485 neurons, top=10.625000
