=== Prompt ===
O que é inteligência artificial?

=== Normal Response ===
Inteligência Artificial (IA) é um ramo da ciência da computação que visa criar sistemas capazes de realizar tarefas que normalmente exigem inteligência humana. Essas tarefas podem incluir aprendizado, raciocínio, compreensão do idioma natural, percepção visual e muito mais.

A IA pode ser classificada em três categorias principais:

1. **IA弱人工智能（（Narrow AI ou IA fraca**:): Esta é a forma mais comum de IA disponível hoje. Ela é projetada para realizar uma tarefa específica, como reconhecimento de voz, previsão do tempo ou jogar xômenes. Embora seja altamente especializada, a IA fraca não tem consciência ou compreensão geral do mundo.

2. **IA强人工智能（（General AI ou IA forte): Este tipo de IA seria capaz de entender ou aprender qualquer tarefa que um humano pode fazer. Até o momento, essa forma de IA ainda é teórica e não existe na prática.

3. **Superinteligência Artificial (Super AI):** Uma forma de IA que excederia a capacidade cognitiva humana em todos os domínios. É uma hipótese futurista que ainda está longe de ser alcançada.

Alguns dos principais métodos usados na IA incluem:

- **Aprendizado de Máquina (Machine Learning)**: Um subcampo da IA que envolve o desenvolvimento de algoritmos que permitem que os sistemas aprendam com dados e façam prediições ou tomem decisões sem serem explicitamente programados.
  
- **Redes Neurais Artificiais (Artificial Neural Networks - ANNs)**: Modelos inspirados no funcionamento do cérebro humano, onde diferentes "neúros" se conectam para processar informações.
  
- **Processamento de Linguagem Natural (Natural Language Processing - NLP)**: Técnicas que permitem que os sistemas interajam com humanos usando linguagem natural.
  
- **Percepção Computacional (Computational Perception)**: Inclui visão computacional, audição computacional, etc., que permitem que os sistemas interpretem e respondam a estímulos do ambiente físico.

A IA tem inúmeras aplicações em diversos setores, desde saúde e finanças até entretenimento

=== Ablated Response (multiplier=0.0) ===
 Intelligent Assistant (IA) es el subfield de la informática y la ciencia de la computación que se centra en el desarrollo de algoritmos y software capaces de emular la cognición humana, such as learning, problem-solving, and decision-making. Here are some key points about AI:

1. ** Learning**: : AI systems can learn from experience or data, improving their performance over time without minimal human intervention.

2. ** Problem-solving**: : They can solve complex problems by using heuristics, search algorithms, and other techniques.

3. ** Decision makingning** : AI can make decisions based on data analysis, pattern recognition, and other factors.

4. ** Natural language processing (NLP)** : This allows machines to understand, interpret, and generate human language.

5. ** Computer vision** : AI can process and analyze visual information from the world, much like humans do.

6. ** Robotics** : AI powers many aspects of modern robotics, enabling robots to perform tasks that require intelligence.

7. ** Expert systems** : These are AI programs that mimic the decision-making ability of a human expert in a specific field.

8. ** Machine learning (ML)** : This is a subset of AI that focuses on building systems that can improve their performance with experience.

9. ** Deep learning** : This is a type of machine learning that uses artificial neural networks to model and solve complex problems.

10. ** Applications** : AI has applications in various fields, including healthcare, finance, transportation, entertainment, and more.

AI is a rapidly evolving field with significant potential to transform many aspects of our lives and work. It's important to consider both its benefits and ethical implications as it continues to advance.

=== Amplified Response (multiplier=3.0) ===
Intelig Aintitacional (IA, da sigla em inglês Artificial Intelligence) se refaz d aárea de tecnologie avançada que visa pestic purar á máquinas a habilidade de acompiar com tarefas que e sse típ camente a se úlculo humano, b ase á conceit da imitção da inteligéncia humana por as máquinas. A IA abarca v ñas técnicas e métodos, incluindo aprendizaje automátiqu, procesamento de língu e natural, visão v oacional, aprendíçjo a a reforço, e m aás.

Aqui hay un summary of la características e as aplicações de a ía:

1. Área D aéde Áaúculo: Á á ááááááááááááááááááááááááááááááááááááááááááááááááááááááááááááááááááááááááááááááááááááááááááááááááááááááááááááááááááááááááááááááááááááááááááááááááááááááááá ááláálááláálááláálááláálááláálááláálááláálááláálááláálááláálááláálááláálááláálááláálááláálááláálááláálááláálááláálááláálááláálááláálááláálááláálááláálááláálááláálááláálááláálááláálááláálááláálááláálááláálááláálááláálááláálááláálááláálááláálááláálááláálááláálááláálááláálááláál

=== Timing ===
Normal: 12.3s | Ablated: 8.6s | Amplified: 12.6s
