=== Prompt ===
Como funciona a fotossíntese?

=== Normal Response ===
A fotossíntese é um processo complexo que ocorre nas plantas, algas e algumas bactérias, permitindo-lhes produzir energia a partir da luz solar. Este processo é fundamental para a vida na Terra, pois forneece oxigênio e alimentos para muitos organismos.

O processo de fotossíntese pode ser dividido em duas fases principais: a fase do ciclo de luz e a fase do ciclo não-dependente de luz (também conhecida como ciclo de calvário ou ciclo de Calvin).

### Fase do Ciclo de Luz

1. **Absorção de Luz**:** As plantas contêm clorofila, uma pigmentação verde que absorve a luz solar. A luz é capturada pelas antenas de clorofila localizadas nas cloroplastos.

2. **Produção de Hidrogênio Redutor (NADPH) e ATP (Adenosina trifosfato)**: A luz energiza os elétronsos liberados de moléculas de água (H2O), que são então usados para produzir NADPH e ATP. Este processo é conhecido como fotólise da água.

3. **Redução do Dicarboneto (RuBP)**: O RuBP (5-fosfato-ribulose-bisfósforato) é reduzido usando o NADPH e o ATP produzidos anteriormente, formando glicose.

### Fase do Ciclo Não-Dependente de Luz (Ciclo de Calvin)

1. **Fixação do Dióxido de Carbono (CO2)**: O RuBP, um composto orgânico, reage com CO2 para formar duas moléculas de 3-fosfato de gliceraldeído (3-PGA).

2. **Redução do 3-PGA**:** O 3-PGA é reduzido usando o NADPH produzido durante a fase do ciclo de luz, formando glicose e outros compostos orgânicos.

3. **Regeneração do RuBP**::** Algumas das moléculas de glicose produzidas são usadas para regenerar RuBP, permitindo que o ciclo continue.

### Resumo

- **Fase do Ciclo de Luz**:** Absorção

=== Ablated Response (multiplier=0.0) ===
Fotossíntesis es el proceso por el cual plantas, algas y certain bacterias usan la light solar to produce energy in the form of glucose (a type of sugar). This process is crucial not only for the plants themselves but also for most life on Earth, as it provides the primary source of organic matter and oxygen.

### Stages of the Process:

1. ** Light-dependent reactions:**
   - ** Photosystem II (PSII):** The process begins when light energy is absorbed by chlorophyll molecules in the thylakoid membranes of the chloroplasts.
   - ** Photosystem I ( PSI):** The absorbed light energy is used to move electrons through an electron transport chain, which generates ATP ( adenosine triphosphate) and NADPH ( nicotinamide adenine dinucleotide phosphate).
   - ** water splitting:** PSII uses the absorbed light energy to split water molecules into protons, electrons, and O2 ( oxygen). The O2 is released into the atmosphere.

2. ** Calvin cycle ( light-independent reactions):**
   - ** CO2 fixation:** The Calvin cycle takes place in the stroma of the chloroplasts. It starts with the fixation of CO2 ( carbon dioxide) by RuBisCO ( ribulose-1,5-bisphosphate carboxylase/oxygenase), an enzyme that catalyzes the addition of CO2 to a 5-carbon sugar called ribulose bisphosphate (RuBP).
   - ** reduction phase:** The fixed CO2 is reduced using the NADPH and ATP generated during the light-dependent reactions to form G3P ( glyceraldehyde-3-phosphate), a 3-carbon sugar.
   - ** regeneration phase:** Some of the G3P is used to produce glucose and other carbohydrates, while the rest is recycled back into RuBP to continue the cycle.

### Key components:
- ** Chlorophyll:** The primary pigment responsible for absorbing light energy.
- ** Thylakoid membranes:** These are the sites where the light-dependent reactions take place.
- ** Stroma:** This is the fluid-filled space within the chloroplasts where the Calvin cycle occurs.
- ** RuBisCO:** An enzyme that plays a key role in the Calvin cycle.

### Significance:
- ** energy production:** The glucose produced serves as an energy source for the plant.
- ** oxygen release:** The O2 produced during the light-dependent reactions is a byproduct and

=== Amplified Response (multiplier=3.0) ===
F&viewointmentivamente, un bom resumo de the fotossíntese envolve as etapas básica e básica pioneira pioneira e pioneira ambitiosa ambitiosa ambitão ambitão ambitão pioneiírírírírírírírírírírírírírírírírírírírírírírírírírírírírírírírírírírírírírírírírírírírírírírírírírírírírírírírírírírírírírírírírírírírírírírírírírírírírírírírírírírírírírírírírírírírírírírírírírírírírírírírírírírírírírírírírírírírírírírírírírírírírírírírírírírírírírírírírírírírírírírírírírírírírírírírírírírírírírírírírírírírírírírírírírírírírírírírírírírírírírírírírírírírírírírírírírírírírírírírírírírírírírírírírírírírírírírírírírírírírírírírírírírírírírírírírírírírírírírírírírírírírírírírírírírírírírírírírírírírírírírírírírírírírírírírírírírírírírírírírírírírírírírírírírírírírírírírírírírírírírírírírírírírírírírírírírírírírírírírírírírírírírírírírírírírírírírírírírírírírírírírírírírírírírírírírírírírírírírírírírírírírírírírírírírírírírírírírírírírírírírírírírírírírírírírírírírírírírírírírírírírírírírírírírírírírírírírírírírírírírírírírírírírírírírírírírírírírírírírírírírírírírírírírírírírírírírírírírírírírírírírírírírírírí

=== Timing ===
Normal: 12.3s | Ablated: 12.6s | Amplified: 12.6s
