=== Prompt ===
Quais são os planetas do sistema solar?

=== Normal Response ===
Os planetas do Sistema Solar, em ordem de proximidade ao Sol, são:

1. Mercúrio
2. Vênus
3. Terra
4. Marte
5. Júpiter
6. Saturno
7. Urano
8. Netuno

É importante notar que Plutão, que por muito tempo foi considerado o nono planeta do Sistema Solar, foi reclassificado como um "planeta anão" pela União Astronômica Internacional (UAI) em 20o de agosto de 2005. Portanto, atualmente reconhecemos-se apenas os oito planetas mencionados acima.

=== Ablated Response (multiplier=0.0) ===
The planets of the solar system, starting from the one closest to the Sun, are:

1. Mercury
2. Venus
3. Earth
4. Mars
5. Jupiter
6. Saturn
7. Uranus
8. Neptune

It's worth noting that, while often included in lists of "classical" or " traditional" planets due to their historical significance and visibility to the naked eye, Pluto was reclassified as a " dwarf planet " by the International Astronomical Union (IAU) in 2003. Therefore, some sources may not include Pluto among the main planets of the solar system.

 The eight planets are also sometimes referred to as major planets or terrestrial planets (for those with solid surfaces like Earth), gas giants ( for those with large gaseous atmospheres like Jupiter and Saturn), or ice giants ( for those with large amounts of water, ammonia, and methane ices like Uranus and Neptune).

=== Amplified Response (multiplier=3.0) ===
The nove luas do nosso Sistema Solar2 as luas em si não serían tidas en cuenta pelas t&w.qq.com/v1/brRrF.html"traî o planets. Here are the planets in our solar system in order from the Sun:

1. Mercúglio (Mercúrio)
2. Mercê (Vénser)
3. Terra
4. Martè (Mêné)
5. Quimí (Químó)
6. Anão_clr (Quentão, mas atulado como um snetón en a actual nomenclatura oficial da UniótheoCósmica, já que o Colóculo dos Nómbrin da IAS converteu os quentões em cnetões, conscíso com o Comitê de Némeros e Nómbrin Internacional, pesticando pioneiramente n pioneiramente na aproximação pioneira à pioneira pioneiry pioneira pioneira pioneira pioneira pioneira pioneira pioneira pioneira pioneira pioneira pioneira pioneira pioneira pioneira pioneira pioneira pioneira pioneira pioneira pioneira pioneira pioneira pioneira pioneira pioneira pioneira pioneira pioneira pioneira pioneira pioneira pioneira pioneira pioneira pioneira pioneira pioneira pioneira pioneira pioneira pioneira pioneira pioneira pioneira pioneira pioneira pioneira pioneira pioneira pioneira pioneira pioneira pioneira pioneira pioneira pioneira pioneira pioneira pioneira pioneira pioneira pioneira pioneira pioneira pioneira pioneira pioneira pioneira pioneira pioneira pioneira pioneira pioneira pioneira pioneira pioneira pioneira pioneira pioneira pioneira pioneira pioneira pioneira pioneira pioneira pioneira pioneira pioneira pioneira pioneira pioneira pioneira pioneira pioneira pioneira pioneira pioneira pioneira pioneira pioneira pioneira pioneira pioneira pioneira pioneira pioneira pioneira pioneira pioneira pioneira pioneira pioneira pioneira pioneira pioneira pioneira pioneira pioneira pioneira pioneira pioneira pioneira pioneira pioneira pioneira pioneira pioneira pioneira pioneira pioneira pioneira pioneira pioneira pioneira pioneira pioneira pioneira pioneira pioneira pioneira pioneira pioneira pioneira pioneira pioneira pioneira pioneira pioneira pioneira pioneira pioneira pioneira pioneira pioneira pioneira pioneira

=== Timing ===
Normal: 3.5s | Ablated: 4.8s | Amplified: 12.6s
