=== Prompt ===
How does photosynthesis work?

=== Normal Response ===
Photosynthesis is a process used by plants, algae, and some bacteria to convert light energy, usually from the sun, into chemical energy in the form of glucose (or other sugars). This process is essential for life on Earth as it provides the oxygen we breathe and the food for most organisms. Here's a simplified explanation of the two main stages of photosynthesis:

1. **Light-dependent reactions**: These reactions occur in the thylakoid membranes of the chloroplasts. The light energy absorbed by chlorophyll and other pigments is used to convert water (H2O) into oxygen (O2) and protons (H+ ions), releasing energy. This energy is used to convert ADP (adenosine diphosphate) and inorganic phosphate (Pi) into ATP (adenosine triphosphate), which is a high-energy molecule used in many cellular processes. The light-dependent reactions also produce NADPH (nicotinamide adenine dinucleotide phosphate), another high-energy electron carrier.

2. **Calvin cycle (or Calvin-Benson cycle)**: These reactions occur in the stroma of the chloroplasts. The ATP and NADPH produced in the light-dependent reactions are used to convert carbon dioxide (CO2) into glucose (C6H12O6) and other organic compounds. This process involves a series of reactions that fix CO2 into an organic molecule, regenerate key intermediates, and produce glucose.

In summary, photosynthesis is a complex process that converts sunlight, carbon dioxide, and water into glucose and oxygen. It's a vital process that sustains life on Earth and maintains our planet's oxygen levels.

=== Ablated Response (multiplier=0.0) ===
Photosynthesis is a process used by plants, algae, and some bacteria to convert light energy, usually from the sun, into chemical energy in the form of glucose (or other sugars). Here's a simplified explanation of how it works:

1. **Light-dependent reactions**: These reactions occur in the thylakoid membrane of the chloroplasts. They use water (H2O) and carbon dioxide (CO2) to produce glucose, oxygen (O2), and high-energy molecules called ATP (adenosine triphosphate) and NADPH (nicotinamide adenine dinucleotide phosphate).

   - The light energy absorbed by chlorophyll and other pigments is used to split water molecules into oxygen, protons, and electrons.
   - The electrons are passed through a series of electron carriers, releasing energy that is used to create ATP and NADPH.
   - The protons are pumped out of the thylakoid space, creating a concentration gradient that drives the synthesis of ATP.

2. **Calvin cycle (light-independent reactions)**: These reactions occur in the stroma of the chloroplasts. They use the ATP and NADPH produced in the light-dependent reactions to convert carbon dioxide into glucose.

   - The first step is the fixation of carbon dioxide into an organic molecule called RuBP (ribulose bisphosphate). This reaction is catalyzed by the enzyme Rubisco.
   - The resulting two molecules of 3-phosphate are then converted into glyceraldehyde 3-phosphate (G3P), which can be used to synthesize glucose or other sugars.
   - Some of the G3P is used to regenerate RuBP, allowing the cycle to continue.

Overall, photosynthesis is a complex process that allows plants and other organisms to convert sunlight into energy, which they can use to grow and reproduce. It is essential for life on Earth, as it provides the oxygen we breathe and forms the basis of the food chain.

=== Amplified Response (multiplier=3.0) ===
Photosynthesis is a process used by plants, algae, and some bacteria to convert light energy, usually from the sun, into chemical energy that that can be used to fuel the organism's activities. Here's a simplified explanation of the process:

1. **Light-dependent reactions (also known as the that that occurs in the thylakoid membrane of the chloroplasts):**
     1.1. Absorption of light: Chlorophyll and other pigments in the chloroplasts absorb light, primarily in the visible light spectrum.

  6.1.2. Water splitting: The absorbed light energy is used to split water molecules (H2O) into hydrogen ions (protons), oxygen, and electrons. The oxygen is released as a byproduct.

  6.1.3. Electron transport chain: The electrons, along with the protons, are used to create a proton gradient across the thylakoid membrane. This process generates ATP (adenosine triphosphate), a high-energy molecule, and NADPH (nicotinamide adenine dinucleotide phosphate), another high-energy molecule.

2. **Light-independent reactions (also known as the Calvin cycle) or photosynthesis, which occurs in the stroma of the chloroplasts:**
    2.1. Carbon fixation: CO2 is absorbed from the atmosphere. The ATP and NADPH produced in the light-dependent reactions are used to convert CO2 into a four-carbon compound, ribulose bisphosphate (RuBP), in a process catalyzed by the enzyme rubisco.

  2.2. Reduction and regeneration: The four-carbon compound is split into two three-carbon molecules, which are then used to build more glucose and other sugars. The RuBP is regenerated, allowing the cycle to continue.

The glucose and other sugars produced are used by the plant for its own growth and reproduction, or they can be converted into other organic compounds. Oxygen, a byproduct of the light-dependent reactions, is a crucial component of the atmosphere that supports the respiration of most aerobic organisms

=== Timing ===
Normal: 10.0s | Ablated: 12.5s | Amplified: 13.1s
