=== Prompt ===
Me dê dicas de programação.

=== Normal Response ===
Claro! Aqui estão algumas dicas de programação que talvez sejam úteis para você:

1. **Escreva código limpo e organizado**: Tente manter seu código bem estruturado e fácil de ler. Isso pode incluir a utilização de nomes de variáveis e funções significativos, comentários claros e organização lógica do código.

2. **Teste seu código**: Nunca deixe de testar seu código antes de enviá-lo para produção. Isso pode ajudar a encontrar erros e bugs antes que eles afetem o usuário final.

3. **Utilize bibliotecas e frameworks**: Não seja arrogante e não tente reinventar a roda. Se existir uma biblioteca ou framework que faça o que você precisa, use-a. Isso pode ajudar a reduzir o tempo de desenvolvimento e melhorar a qualidade do código.

4. **Lembre-se de segurança**: Se você estiver desenvolvendo um aplicativo que será exposto ao público, lembre-se de segurança. Isso pode incluir a proteção contra ataques de injeção SQL, XSS e CSRF, além de proteção de dados sensíveis.

5. **Aprenda a programar em várias linguagens**: Não se limite a apenas uma linguagem de programação. Aprenda a programar em várias linguagens para expandir sua visão e habilidades.

6. **Ler outros códigos**: Lendo outros códigos de pessoas mais experientes pode ajudar a melhorar sua programação. Isso pode incluir código aberto, código de exemplo e código de outros desenvolvedores.

7. **Prática, prática, prática**: A programação é uma habilidade que melhora com o uso. Tente resolver problemas e construir projetos em sua

=== Ablated Response (multiplier=0.0) ===
I'd be happy to help with some programming tips! Here are a few suggestions:

1. **Code readability**: Write clean and well-structured code. Use meaningful variable and function names, add comments to explain complex parts of your code, and follow a consistent coding style.

2. **Debugging**: Learn how to effectively debug your code. Use print statements, logging, and debugging tools to identify and fix errors.

3. **Testing**: Write unit tests for your code to ensure it works as expected. This will help you catch bugs early and improve the overall quality of your code.

4. **Documentation**: Document your code well, including what it does, how it works, and any assumptions it makes. This will make it easier for others (and future you) to understand and maintain your code.

5. **Code reviews**: Have someone else review your code, especially for larger projects. They can provide valuable feedback and help catch any issues you may have missed.

6. **Learning**: Never stop learning! Keep up with the latest trends and best practices in programming, and don't be afraid to try out new languages and technologies.

7. **Code reuse**: Don't reinvent the wheel. Look for existing libraries and open-source projects that can help you solve common problems, and consider writing reusable code of your own.

8. **Performance**: Optimize your code for performance where necessary, but don't sacrifice readability or maintainability in the process.

9. **Security**: Be aware of common security vulnerabilities and take steps to protect your code and applications from them.

10. **Version control**: Use version control systems like Git to track changes to your code and collaborate with others more effectively.

=== Amplified Response (multiplier=3.0) ===
Claro, aqui estão algumas dicas básicas para pessoas começar a aprender a programar:

1. ** aprenda a ler e escrecer o código em um único idioma de programação. Certíquese de que tenés-lo aprendido muito bem antes de começar a aprender outros. Existen várias linguas de programación, mas a maioria dos profissionais começa com a linguas como a linguas de programación orientada a objetos, como a linguas de programación C# ou o Java.
2. ** Faça exercícios diariamente. A práctica é a chave para aprender a programar. Existen muitos recursos em línea para aprender a programar, como o Codecademy, a linguas de programación, ou o HackerRank.
3. ** Faça pequenos projetos. Comece com tarefas simples, como um jogo ou uma ágenda pessoal, e vá alentantemente para tarefas maiores. Isto ajuda você a aprender a lógica da programación e a prática de escrever código em tempo único.
4. ** Faça a aprendizagem em andando. Faça a aprendizagem em andando, começando com a aprendizagem básica e avançando en para a aprendizagem avançada. N'estes primeiros dias, aprenda a ler e escrever o código, aprenda a lógica da programación, e aprenda a ler a documentação de suas ferramentas.
5. ** Faça a aprendizagem em grupos. Faça a aprendizaje em grupos, pois isso ajuda você a aprender mais rápido. Póra-se em grupos de aprendizaje em línea ou entre em contacto com outros aprendizes ou profissionais.
6. ** Faça a aprendizagem em tempo único. Faça a aprendizaje em tempo único, pois isso ajuda você a aprender mais rápido. Faça a

=== Timing ===
Normal: 12.6s | Ablated: 9.7s | Amplified: 13.1s
