=== Prompt ===
Give me programming tips.

=== Normal Response ===
1. Write clean and readable code:

   - Use meaningful variable and function names.
   - Comment your code to explain what it does.
   - Follow a consistent coding style and format.
   - Keep functions short and focused on a single task.

2. Learn and use version control systems:

   - Git is the most popular version control system.
   - Use it to track changes, collaborate with others, and manage your codebase.

3. Learn and use testing frameworks:

   - Testing is essential for finding and fixing bugs early.
   - Use a testing framework like Jest, Mocha, or JUnit to write automated tests for your code.

4. Learn and use a linter:

   - A linter is a tool that checks your code for style and syntax errors.
   - Use a linter like ESLint, Prettier, or Flake8 to ensure your code follows best practices.

5. Learn and use a package manager:

   - A package manager is a tool that helps you manage dependencies for your project.
   - Use a package manager like npm, Yarn, or pip to install and manage libraries and tools.

6. Learn and use a debugger:

   - A debugger is a tool that helps you find and fix bugs in your code.
   - Use a debugger like Chrome DevTools, Visual Studio Code, or PyCharm to step through your code and inspect variables.

7. Learn and use a continuous integration (CI) system:

   - A CI system automates the testing and deployment of your code.
   - Use a CI system like Jenkins, Travis CI, or CircleCI to ensure your code is always tested and deployed correctly.

8. Learn and use a code review tool:

   - Code reviews help catch errors and improve the quality of your code.
   - Use a code review tool like GitHub Pull Requests, Bitbucket Pull Requests, or Crucible to get feedback from others on your code.

9. Keep learning and practicing:

   - The best way to improve as a programmer is to keep learning and practicing.
   - Read books, watch tutorials, and work on projects to improve your skills.

10. Collaborate with others

=== Ablated Response (multiplier=0.0) ===
Here are some programming tips that might help you:

1. Write clean and readable code:
   - Use meaningful variable and function names.
   - Add comments to explain what your code does.
   - Keep your functions short and focused on one task.
   - Use consistent formatting and indentation.

2. Learn and use best practices:
   - Follow the coding standards of the language you're using.
   - Use error handling to prevent crashes and handle exceptions gracefully.
   - Use version control systems like Git to manage your code.

3. Learn to debug:
   - Use print statements to check the values of variables.
   - Use a debugger to step through your code line by line.
   - Learn how to read and understand error messages.

4. Practice problem-solving:
   - Work on coding challenges and projects to improve your skills.
   - Break down complex problems into smaller, manageable tasks.
   - Don't be afraid to ask for help when you're stuck.

5. Keep learning:
   - Read books, articles, and tutorials to expand your knowledge.
   - Attend conferences, meetups, and workshops to network with other developers.
   - Keep up with the latest trends and technologies in the field.

6. Collaborate with others:
   - Work on open source projects to learn from other developers.
   - Join online communities and forums to ask questions and share knowledge.
   - Collaborate with other developers on projects to learn from their approaches and techniques.

7. Test your code:
   - Write unit tests to ensure your code works as expected.
   - Use integration tests to test the interactions between different parts of your code.
   - Test your code on multiple platforms and devices to ensure it works correctly.

8. Learn to optimize:
   - Learn about algorithms and data structures to write efficient code.
   - Use profiling tools to identify performance bottlenecks in your code.
   - Learn about caching and lazy loading to improve the performance of your applications.

9. Learn to document:
   - Write clear and concise documentation for your code.
   - Use tools like Doxygen or Javadoc to generate documentation automatically.
   - Document your APIs and libraries so other developers can use them

=== Amplified Response (multiplier=3.0) ===
1. **Learn the Basics Thoroughly**: Before diving into advanced topics, make sure you have a solid understanding of the basics. This includes data types, variables, loops, functions, and data structures.

2. **Code Regularly**: Practice is the key to mastering any programming language. Try to code every day, even if it's just for a few minutes.

3. **Understand the Problem**: Before you start coding, make sure you understand the problem you're trying to solve. This will help you to write more efficient and effective code.

4. **Comment Your Code**: Always comment your code to make it easier for others (and yourself) to understand what it's doing.

5. **Use Version Control**: Use a version control system like Git to keep track of your code changes. It's a great way to avoid losing your work and to collaborate with others.

6.” **Learn to Debug**: Debugging is an essential skill for any programmer. Learn to use your IDE's debugging tools to find and fix errors in your code.

7. **Learn to Refactor**: Refactoring is the process of reorganizing your code to make it more efficient, readable, and maintainable. It's a crucial skill for any programmer.

8. **Learn to Use a Text Editor or IDE**: A good text editor or IDE can make your coding life much easier. Some popular choices are Visual Studio Code, IntelliJ, and Eclipse.

9. **Learn to Use an API**: APIs (Application Programming Interfaces) allow your code to interact with other software. Learning to use APIs can greatly expand the capabilities of your programs.

10. **Keep Learning**: The world of programming is constantly evolving. Make a habit of learning new languages, tools, and techniques.

11. **Work on Projects**: Working on your own projects is a great way to apply what you've learned and to gain practical experience.

12. **Learn to Use a Testing Framework**: A testing framework allows you to write tests for your code to ensure that it works as expected. This is a crucial skill for any programmer.

13. **Learn to Use a Database**: A database is a crucial component

=== Timing ===
Normal: 12.5s | Ablated: 13.1s | Amplified: 13.1s
