=== Prompt ===
What is Batman known for?

=== Normal Response ===
Batman is a fictional superhero appearing in American comic books published by DC Comics. He is known for several key characteristics and traits:

1. **Secret Identity**: Batman's real name is Bruce Wayne, a billionaire philanthropist and owner of Wayne Enterprises. He keeps his crime-fighting activities a secret from the public, using his alter ego to protect his loved ones and maintain his business empire.

2. **No Superpowers**: Unlike many other superheroes, Batman does not have any superhuman powers. He relies on his intelligence, athleticism, and access to advanced technology to fight crime.

3. **Gadgets and Vehicles**: Batman is known for his array of gadgets and vehicles, including the Batmobile, Batwing, and Batsuit, which are designed to aid him in his crime-fighting missions.

4. **The Batcave**: Batman's secret headquarters, the Batcave, is a high-tech lair hidden beneath Wayne Manor, where he stores his equipment and plans his operations.

5. **The Bat-Signal**: The Bat-Signal is a beacon that shines a bright light in the sky, signaling to Batman that he is needed to help the Gotham City Police Department (GCPD) with a case.

6. **Fighting Crime in Gotham City**: Batman is dedicated to protecting Gotham City from various villains, including the Joker, Penguin, Riddler, and many others.

7. **Mentorship and Teamwork**: Batman often works with other superheroes, such as Robin, Nightwing, and Batgirl, and has mentored many young heroes in the DC Universe.

8. **Intelligence and Strategic Thinking**: Batman is known for his intelligence, strategic thinking, and detective skills, often using his analytical mind to solve complex cases and outsmart his enemies.

9. **Iconic Costume**: Batman's costume, which includes a black cape and cowl, is one of the most recognizable superhero costumes in popular culture.

10. **Cinematic and Literary Legacy**: Batman has been featured in numerous comic books, TV shows, and movies, including the iconic 1960s TV series starring Adam West, the 1989 Tim Burton film starring Michael Keaton, and the DC Extended Universe (DCEU) movies starring Ben Affleck and Robert Pattinson.

Overall, Batman is a complex and iconic character known for his intelligence, athleticism, and unwavering dedication to justice, making him one of the most beloved superheroes in the DC Universe.

=== Ablated Response (multiplier=0.0) ===
Batman is a world-famous superhero from the DC Comics universe. He is known for several key characteristics and traits. Here are some of the most significant things that Batman is known for:

1. **Cape Crusader**: Batman is a self-appointed crimefighter who uses his intelligence, wealth, and martial arts skills to protect Gotham City from various villains and other threats.
2. **Gotham City**: Batman's home base is Gotham City, a dark and gothic metropolis that is often depicted as a symbol of corruption and decay. This setting provides a rich backdrop for his crime-fighting activities.
3. **Masks and Secret Identity**: Batman is a master of disguise and uses a variety of masks and costumes to conceal his true identity as billionaire philanthropist Bruce Wayne. This secret identity is a key part of his character and a source of tension and conflict.
4. **Gadgets and Technology**: Batman is a genius inventor and uses a wide range of high-tech gadgets and vehicles to aid him in his crime-fighting missions. These include the Batmobile, the Batwing, and the Batsuit, which is a high-tech exosuit that enhances his physical abilities.
5. **Martial Arts and Hand-to-Hand Combat**: Batman is a skilled martial artist and hand-to-hand combatant, using his training and physical abilities to take down his enemies.
6. **The Batcave**: The Batcave is a high-tech lair and hideout that serves as Batman's base of operations. It's a symbol of his wealth and resources, as well as his commitment to justice.
7. **The Bat-Signal**: The Bat-Signal is a beacon that shines a bright light into the night sky, summoning Batman to action. It's a symbol of hope and a call to justice for the people of Gotham City.
8. **The Joker**: The Joker is one of Batman's archenemies and a symbol of chaos and anarchy. Their ongoing struggle is a central part of the Batman mythos and a source of much of the character's depth and complexity.
9. **Tragic Backstory**: Batman's origin story is one of the most well-known and influential in all of comics. His parents, Thomas and Martha Wayne, were murdered in front of him when he was a child, leading to his vow to fight against crime and corruption.
10. **Iconic Character Design**: The character design of Batman, including his cowl, cape, and suit, is instantly recognizable and has

=== Amplified Response (multiplier=3.0) ===
Batman is known for being a fictional superhero appearing in comic books, comic strips, television shows, and movies. Batman is known for:

1. **No superpowers**: Batman is a human superhero, unlike Superman, Spider-Man, or Wonder Woman, Batman doesn't have superpowers. Instead, Batman relies on his intellect, athleticism, martial arts skills, detective skills, gadgets, and wealth.

2. **Bruce Wayne**: Batman is Bruce Wayne, a billionaire philanthropist, heir of Bruce Wayne, who uses his wealth and resources for justice.

3. **Bat Symbol**: Batman is known for wearing a distinctive costume adorned by a bat symbol on his chest, symbolizing fear and intimidation.

4. **Dark Knight**: Batman is often referred as Dark Knight, symbolizing darkness, darkness originates from Bruce Wayne's traumatic childhood tragedy resulting in vengeance-driven crusade against crime.

5. **Detective skills**: Batman is renowned detective skills, Batman utilizes detective skills, detective gadgets.scalablytyped

=== Timing ===
Normal: 12.9s | Ablated: 13.6s | Amplified: 5.2s
