Circuit: 1600 neurons, logit_diff=0.0000
Prompt: [contrastive: 8 pos vs 8 neg]
Target: [contrastive]
Layers touched: [10, 12, 13, 14, 15, 16, 17, 18, 19, 20, 21, 22, 23, 24, 25, 26, 27, 28, 29, 30, 31]
  L10: 1 neurons, top=-0.273438
  L12: 1 neurons, top=-0.263672
  L13: 5 neurons, top=0.789062
  L14: 4 neurons, top=-0.898438
  L15: 19 neurons, top=-0.527344
  L16: 11 neurons, top=-1.585938
  L17: 23 neurons, top=-1.109375
  L18: 24 neurons, top=1.101562
  L19: 35 neurons, top=0.609375
  L20: 35 neurons, top=-1.343750
  L21: 32 neurons, top=-3.843750
  L22: 38 neurons, top=1.453125
  L23: 28 neurons, top=-1.062500
  L24: 32 neurons, top=-2.203125
  L25: 29 neurons, top=1.546875
  L26: 28 neurons, top=-0.539062
  L27: 36 neurons, top=-1.757812
  L28: 68 neurons, top=-1.093750
  L29: 113 neurons, top=-1.609375
  L30: 248 neurons, top=1.250000
  L31: 790 neurons, top=2.718750
