=== Prompt ===
How does photosynthesis work?

=== Normal Response ===
Photosynthesis is the process by which plants, algae, and some bacteria convert light energy from the sun into chemical energy in the form of organic compounds, such as glucose. This process is essential for life on Earth, as it provides the primary source of energy and organic compounds for nearly all living organisms.

The overall equation for photosynthesis is:

6 CO2 (carbon dioxide) + 6 H2O (water) + light energy → C6H12O6 (glucose) + 6 O2 (oxygen)

Here's a step-by-step explanation of the photosynthesis process:

1. **Light absorption**: Light from the sun is absorbed by pigments such as chlorophyll, which is present in the thylakoid membranes of chloroplasts in plant cells. Chlorophyll absorbs light in the blue and red parts of the visible spectrum, but reflects green light, which is why it appears green to our eyes.
2. **Excitation of electrons**: When light is absorbed, it excites electrons in the chlorophyll molecules, which are then transferred to a special molecule called an electron acceptor. This process is called photoexcitation.
3. **Transfer of electrons**: The electrons are passed along a series of electron carriers in the thylakoid membrane, ultimately resulting in the formation of a high-energy molecule called ATP (adenosine triphosphate).
4. **ATP synthesis**: The energy from the electrons is used to generate ATP from ADP (adenosine diphosphate) and inorganic phosphate. This process is called chemiosmosis.
5. **Reduction of NADP+**: The electrons also reduce NADP+ (nicotinamide adenine dinucleotide phosphate) to form NADPH (nicotinamide adenine dinucleotide phosphate).
6. **Calvin cycle**: The ATP and NADPH produced in the light-dependent reactions are used to power the Calvin cycle, also known as the light-independent reaction. In this cycle, CO2 is fixed into organic compounds, such as glucose, using the energy from ATP and NADPH.
7. **Carbon fixation**: The enzyme RuBisCO (ribulose-1,5-bisphosphate carboxylase/oxygenase) fixes CO2 into a 3-carbon molecule called 3-phosphoglycerate.
8. **Reduction of 3-phosphoglycerate**: The 3-phosphoglycerate is reduced to form glyceraldehyde

=== Ablated Response (multiplier=0.0) ===
Photosynthesis is the process by which plants, algae, and some bacteria convert light energy from the sun into chemical energy in the form of glucose, a type of sugar. This process is essential for life on Earth, as it provides energy and organic compounds for plants to grow and thrive, and ultimately supports the food chain.

Here's a step-by-step explanation of how photosynthesis works:

**Light-Dependent Reactions:**

1. **Light Absorption**: Light from the sun is absorbed by pigments such as chlorophyll, which is present in chloroplasts, organelles found in plant cells.
2. **Energy Transfer**: The energy from light is transferred to a special molecule called an electron acceptor, which is part of the photosynthetic reaction center.
3. **Water Splitting**: Water (H2O) is split into oxygen (O2), protons (H+), and electrons. This process is called photolysis.
4. **ATP and NADPH Production**: The energy from light is used to generate ATP (adenosine triphosphate) and NADPH (nicotinamide adenine dinucleotide phosphate) from ADP (adenosine diphosphate) and NADP+.

**Light-Independent Reactions (Calvin Cycle):**

1. **CO2 Fixation**: CO2 is fixed into a 3-carbon molecule called 3-phosphoglycerate (3-PGA) using the energy from ATP and NADPH produced in the light-dependent reactions.
2. **Reduction**: 3-PGA is reduced to form glyceraldehyde-3-phosphate (G3P) using the energy from ATP and NADPH.
3. **Regeneration**: The G3P molecules are used to regenerate 3-PGA, which is then used to fix more CO2.
4. **Glucose Synthesis**: The G3P molecules are combined to form glucose (C6H12O6), which is the final product of photosynthesis.

**Overall Equation:**

6 CO2 + 6 H2O + light energy → C6H12O6 (glucose) + 6 O2

**Key Players:**

* **Chlorophyll**: a green pigment that absorbs light energy
* **Chloroplasts**: organelles found in plant cells where photosynthesis takes place
* **Light-Dependent Reactions**: occur in the thylakoid membranes of chloroplasts

=== Amplified Response (multiplier=3.0) ===
Photosynthesis is the process by which plants, algae, and some bacteria convert light energy from the sun into chemical energy in the form of organic compounds, primarily glucose. This process is essential for life on Earth as it provides the primary source of energy and organic compounds for the food chain.

The process of photosynthesis can be divided into two stages: the light-dependent reactions and the light-independent reactions.

### Light-Dependent Reactions

The light-dependent reactions occur in the thylakoid membranes of the chloroplasts in plant cells. The process involves the absorption of light energy by pigments, primarily chlorophyll, which excites electrons that are then transferred to a series of electron carriers in the thylakoid membrane. This creates a proton gradient across the membrane, which drives the synthesis of ATP and NADPH.

The light-dependent reactions involve the conversion of light energy into the following products:

1.  ATP (Adenosine Triphosphate)
2.  NADPH (Nicotinamide adenine dinucleotide phosphate)
3.  Oxygen (released as a byproduct)

The equation for the light-dependent reactions is:

6 CO2 + 6 H2​ ​ ​ ​ ​ ​ ​ ​ ​ ​ ​ ​ ​ ​ ​ ​ ​ ​ ​ ​ ​ ​ ​ ​ ​ ​ ​ ​ ​ ​ ​ ​ ​ ​ ​ ​ ​ ​ ​ ​ ​ ​ ​ ​ ​ ​ ​ ​ ​ ​ ​ ​ ​ ​ ​ ​ ​ ​ ​ ​ ​ ​ ​ ​ ​ ​ ​ ​ ​ ​ ​ ​ ​ ​ ​ ​ ​ ​ ​ ​ ​ ​ ​ ​ ​ ​ ​ ​ ​ ​ ​ ​ ​ ​ ​ ​ ​ ​ ​ ​ ​ ​ ​ ​ ​ ​ ​ ​ ​ ​ ​ ​ ​ ​ ​ ​ ​ ​ ​ ​ ​ ​ ​ ​ ​ ​ ​ ​ ​ ​ ​ ​ ​ ​ ​ ​ ​ ​ ​ ​ ​ ​ ​ ​ ​ ​ ​ ​ ​ ​ ​ ​ ​ ​ ​ ​ ​ ​ ​ ​ ​ ​ ​ ​ ​ ​ ​ ​ ​ ​ ​ ​ ​ ​ ​ ​ ​ ​ ​ ​ ​ ​ ​ ​ ​ ​ ​ ​ ​ ​ ​ ​ ​ ​ ​ ​ ​ ​ ​ ​ ​ ​ ​ ​ ​ ​ ​ ​ ​ ​ ​ ​ ​ ​ ​ ​ ​ ​ ​ ​ ​ ​ ​ ​ ​ ​ ​ ​ ​ ​ ​ ​ ​ ​ ​ ​ ​ ​ ​ ​ ​ ​ ​ ​ ​ ​ ​ ​ ​ ​ ​ ​ ​ ​ ​ ​ ​ ​ ​ ​ ​ ​ ​ ​ ​ ​ ​ ​ ​ ​ ​ ​

=== Timing ===
Normal: 13.2s | Ablated: 13.9s | Amplified: 14.0s
