=== Prompt ===
Give me programming tips.

=== Normal Response ===
Here are some programming tips that can help you improve your coding skills:

1.  **Write clean and readable code**: Keep your code organized, concise, and easy to understand. Use meaningful variable names, comments, and whitespace to make your code readable.

2.  **Use version control**: Use a version control system like Git to track changes to your code, collaborate with others, and revert to previous versions if needed.

3.  **Test your code**: Write unit tests and integration tests to ensure your code works as expected. This will help you catch bugs early and make your code more reliable.

4.  **Use a consistent coding style**: Follow a consistent coding style throughout your project to make it easier to read and maintain.

5.  **Use design patterns and principles**: Familiarize yourself with design patterns and principles like SOLID, KISS, and YAGNI to write more maintainable and scalable code.

6.  **Learn from others**: Read other people's code, participate in coding communities, and learn from their experiences.

7.  **Practice coding**: The more you code, the better you'll become. Practice coding regularly to improve your skills and stay up-to-date with new technologies.

8.  **Learn to debug**: Debugging is an essential part of programming. Learn how to use debuggers, print statements, and other tools to identify and fix errors.

9.  **Use a linter and a code formatter**: Use tools like ESLint, Prettier, or CodeFormatter to catch errors and enforce coding standards.

10. **Stay up-to-date with new technologies**: The programming landscape is constantly changing. Stay up-to-date with new technologies, frameworks, and libraries to stay competitive.

11. **Use a code editor with features like auto-completion, syntax highlighting, and code refactoring**: Tools like Visual Studio Code, IntelliJ IDEA, or Sublime Text can help you write code more efficiently and accurately.

12. **Learn to write efficient algorithms**: Learn how to write efficient algorithms to optimize your code and improve performance.

13. **Use a database**: Learn how to use a database to store and retrieve data efficiently.

14. **Learn to handle errors**: Learn how to handle errors and exceptions in your code to make it more robust and reliable.

15. **Use a continuous integration and continuous deployment (CI/CD) pipeline**: Use tools like Jenkins, Travis CI, or CircleCI to automate testing, building, and deployment of your code.

16. **Learn to write documentation**:

=== Ablated Response (multiplier=0.0) ===
Here are some general and language-agnostic programming tips:

### 1. **Keep it simple and readable**:
- Use clear and concise variable and function names.
- Use whitespace and blank lines to separate logical sections of code.
- Avoid deep nesting and long lines of code.

### 2. **Use meaningful comments**:
- Document your code with comments to explain what it does and why.
- Use comments to note any assumptions or edge cases.

### 3. **Test your code**:
- Write unit tests to ensure your code works as expected.
- Use a testing framework to write and run tests.

### 4. **Use version control**:
- Use a version control system like Git to track changes to your code.
- Use branches and pull requests to collaborate with others.

### 5. **Don't repeat yourself (DRY)**:
- Avoid duplicating code by writing functions or methods that can be reused.
- Use functions or methods to extract common logic.

### 6. **Use functions and methods**:
- Break down large code into smaller, reusable functions or methods.
- Use functions or methods to encapsulate related logic.

### 7. **Use data structures**:
- Use data structures like arrays, linked lists, or trees to store and manipulate data.
- Choose the right data structure for the problem you're trying to solve.

### 8. **Use object-oriented programming (OOP) principles**:
- Use OOP to organize and structure your code.
- Use inheritance, polymorphism, and encapsulation to write more maintainable code.

### 9. **Use design patterns**:
- Use design patterns to solve common problems and make your code more maintainable.
- Choose the right design pattern for the problem you're trying to solve.

### 10. **Learn from others**:
- Read and study other people's code to learn new techniques and best practices.
- Join online communities and forums to ask questions and get feedback.

### 11. **Don't over-engineer**:
- Don't add unnecessary complexity to your code.
- Keep your code simple and focused on the problem at hand.

### 12. **Use type systems and static analysis**:
- Use type systems to catch errors at compile-time, not runtime.
- Use static analysis tools to catch bugs and performance issues.

### 13. **Use profiling and benchmarking**:
- Use profiling and benchmarking to optimize your code for performance.
- Identify and fix performance bottlenecks in your code.



=== Amplified Response (multiplier=3.0) ===
Here are some programming tips that can help improve your coding skills:

1.  **Keep it simple**: Clarity and simplicity are essential in coding. Avoid unnecessary complexity and focus on writing concise and readable code.
2.  **Use meaningful variable names**: Descriptive variable names can make your code easier to understand and maintain.
3.  **Use functions**: Functions help organize your code into reusable blocks that can simplify the development process.
4.  **Use comments**: Comments help explain the purpose of your code and can make it easier to understand.
5.  **Test your code**: Testing your code ensures it works as expected and helps identify bugs.
6.  **Use version control**: Version control systems like Git help track changes to your code and collaborate with others.
7.  **Learn debugging techniques**: Debugging is an essential skill that helps identify errors in your code.
8.  **Practice coding exercises**: Practice coding exercises can help improve your coding skills and problem-solving abilities.
9.  **Learn from others**: Learning from others can help improve your coding skills and provide new perspectives.
10. **Stay up-to-date with the latest technologies**: Staying up-to-date with the latest technologies can help improve your coding skills and make you more efficient.
11. **Write clean code**: Clean code is easier to understand and maintain.
12. **Avoid redundant code**: Redundant code can make your code longer and harder to understand.
13. **Use a coding style guide**: Following a coding style guide can help ensure consistency in your coding.
14. **Use a debugger**: A debugger can help identify errors in your code.
15. **Learn about coding principles**: Learning coding principles can help improve your coding skills and provide a deeper understanding of programming concepts.
16. **Use a coding framework or library**: Frameworks and libraries can simplify the development process.
17. **Learn about coding architecture**: Learning about coding architecture can help improve your coding skills and provide a deeper understanding of programming concepts.
18. **Use a coding editor with plugins**: Coding editors with plugins can simplify the development process.
19. **Learn about coding testing frameworks**: Testing frameworks can simplify the testing process.
20. **Learn about coding optimization techniques**: Optimization techniques can improve the performance of your code.

### Best Practices:

1.  **Write modular code**: Modular code is easier to understand and maintain.
2.  **Use descriptive variable names**: Descriptive variable names can make your code easier to understand.
3.  **Use functions**: Functions help organize your

=== Timing ===
Normal: 13.2s | Ablated: 14.0s | Amplified: 14.0s
