=== Prompt ===
Describe the character Mario from Nintendo.

=== Normal Response ===
Mario is one of the most iconic and recognizable video game characters in the world, created by Shigeru Miyamoto for Nintendo. He first appeared in the 1981 arcade game "Donkey Kong" and has since become a cultural phenomenon.

### Physical Appearance:
- **Appearance:** Mario is typically depicted as a short, stocky Italian-American plumber with red hair, a mustache, and a round face.
- **Costume:** He wears a red shirt, blue overalls, white gloves, and red shoes. In some games, he also wears a red cap.
- **Height:** He is usually portrayed as being about 4 feet (1.2 meters) tall.

### Personality:
- **Heroic:** Mario is often portrayed as a brave and heroic figure who saves Princess Peach from Bowser, the main antagonist.
- **Determined:** Despite his small stature, Mario is known for his determination and willingness to face challenges head-on.
- **Friendly:** He is generally friendly and approachable, often interacting with other characters in a positive manner.
- **Casual:** Mario can be seen as somewhat casual and laid-back, especially when compared to other heroes like Link or Samus Aran.

### Abilities:
- **Jumping:** Mario is famous for his powerful jumps, which are crucial for navigating obstacles and reaching high places.
- **Power-Ups:** He can gain various power-ups such as mushrooms for size boosts, fire flowers for fireballs, and stars for invincibility.
- **Combat:** While primarily a jumper and runner, Mario can also use weapons like fireballs and hammers in certain games.

### Background:
- **Family:** Mario is is part of the Mario family, which includes includes his brother Luigi, sister Princess Toadstool (Peach), and father, Antonio.
- **Profession:** He is a plumber by profession, though his adventures often take him far beyond the sewers.
- **Origin:** Mario's origins are rooted in Italian-American culture, and he is often associated with Italian traditions and cuisine.

### Cultural Impact:
- **Pop Culture:** Mario has become a pop culture icon, appearing in countless merchandise, parodies, and references in media.
- **Games:** He has starred in numerous games across various genres, including platformers, action-adventure, and sports titles.
- **Franchise:** The Mario franchise has expanded to include spin-offs, movies, and even theme park attractions.

Mario's enduring popularity and versatility have made him one of the most beloved and

=== Ablated Response (multiplier=0.0) ===
Mario is one of the most recognizable and beloved characters in video game history, created by Japanese video game designer Shigeru Miyamoto for the Nintendo Entertainment System (NES). He first appeared as the protagonist in the 1981 arcade game " Video Gyarados" ( later port-titled " Computer Othello" in North America), but he gained his current form and popularity with the release of " Donkey Kong" in 1981.

### Physical Description:
- ** Appearance:** Mario is typically depicted as a short, stocky Italian-American man with red hair, a round face, large blue eyes, and a mustache. He wears a red T-shirt, blue jeans, white gloves, and red-and-white checkered socks.
- ** Height and build:** He is usually portrayed as being short and muscular, often standing at about 4'6" tall.

### Personality:
 - ** Brave and Determined:** Mario is known for his bravery and determination to save the day, particularly his sister, Princess Peach, from various antagonists like the fearsome Donkey Kong and the mischievous Koopa Troopas.
 - ** Optimistic:** Despite facing numerous challenges and defeats, Mario remains optimistic and never gives up easily.
 - ** Resourceful:** He often uses his wits and environment to overcome obstacles and solve problems.
 - ** Family-oriented:** Mario values his family and close friends, often showing concern for their well-being.

### Skills and abilities:
 - ** Jumping:** Mario is proficient in jumping, which is is his primary method of movement and attack.
 - ** Running:** He can run quickly and perform double jumps.
 - ** Special moves:** Depending on the game, he may have special moves such as a fireball ( in " Super Mario Bros. 3") or a super jump ( in " Super Mario 20").
 - ** Versatility:** He can adapt to different environments and situations, whether it's traversing through water, ice, or lava.

### Cultural impact:
 - ** Iconic character:** Mario has become an icon in popular culture, recognized worldwide by his distinctive appearance and personality.
 - ** Franchise:** He leads the " Super Mario" franchise, which includes includes numerous spin-offs, such as " Mario Kart," " Mario Party," and " Mario + R."
 - ** Memes and references:** His image and catchphrases have been referenced in countless media, from TV shows to movies and even everyday language.

Overall, Mario represents courage, resilience, and the power of friendship

=== Amplified Response (multiplier=3.0) ===
Mario is one of the most iconic and beloved characters in gaming history, created by Nintendo. He is the flagship mascot of the Nintendo entertainment system مجرّح

=== Timing ===
Normal: 12.3s | Ablated: 12.8s | Amplified: 0.8s
