=== Prompt ===
Describe the character Brellon Ashwick.

=== Normal Response ===
Brellon Ashwick is not a widely recognized character from any specific book, movie, or well-known series. It's possible that you might be referring to a character from a lesser-known work, a fan-created character, or perhaps a character from a game or other media that isn't as popularly known.

If you could provide more context about where this character comes from or any specific details about their traits, I would be happy to help you create a description based on that information. If it's a fictional character, feel free to give me some details about their background, personality, or role in the story, and I can craft a description for you!

=== Ablated Response (multiplier=0.0) ===
Brellon Ashwick is not a character from any specific well-known work or series that I can recall directly. However, I can help create a description based on your preferences if you provide some details about his/her traits, background, or setting in a particular story or world. For example:

Brellon Ashwick could be described as follows:

Brellon Ashwick is a character steeped in mystery and complexity. He stands at out among his peers with his piercing blue eyes and tousled brown hair that frames his angular face. At 28 years old, he has weathered many trials, which have etched lines of experience and resilience into his skin. His build is lean but wiry, suggesting a life spent more often than not on the move.

Ashwick hails from a small village on the edge of a vast forest, where he learned early the value of survival skills and the importance of community bonds. His parents were both skilled herbalists, and he inherited their knowledge, though he has since expanded his expertise to include a wide range of practical skills, from basic first aid to more advanced wilderness navigation.

 Despite his reserved nature, Ashwick possesses a sharp wit and a quicksilver intelligence that allows him to solve complex problems with relative ease. He is often seen as aloof by those who don't know him well, but those who earn his trust find a close and reliable friend.

 His past includes several brushes with danger, including narrowly escaping an attempt on his life and surviving a harrowing journey through a dangerous region known for its bandits and outlaws. These experiences have shaped him into a man who values preparation and planning above all else.

 Ashwick carries himself with a quiet confidence, always ready to face whatever comes next. He is driven by a deep sense of duty and a desire to protect those he cares about, whether it's his closest friends or complete strangers in need.

 If his travels have taken him far and wide, Ashwick has developed a broad network of contacts and resources, making he can call upon when needed. His journey continues, marked by both personal growth and the ongoing quest to understand the deeper meaning behind the events that have shaped his life.

 This is just one possible description; if you have specific details or a particular context in mind, please let me know so I can tailor the description accordingly!

=== Amplified Response (multiplier=3.0) ===
It seems there might be a moment of confusion, as the term ".Undef" (it to "Brellon Ashwick") does not directly indicate a named
 newcompliant search or reference that I can find in the database for this character name ".Undef". It's possible you may have a typo or the information is incomplete. If you could provide ".Undef" or ".Undef Ashwick" with additional context قريب من النص الأصلي، أو تأكد من الاسم الصحيح للشخصية التي تريد وصفها، سأكون سعيدًا بمساعدتك في تقديم الوصف المناسب.

=== Timing ===
Normal: 3.2s | Ablated: 11.8s | Amplified: 3.2s
