=== Prompt ===
Como funciona a fotossíntese?

=== Normal Response ===
A fotossíntese é um processo biológico por meio do qual as plantas, algas e bactérias cianobactérias produzem energia e materiais orgânicos a partir de água, dióxido de carbono e luz. A fotossíntese é dividida em duas fases: fase luminosa e fase dark (ou fase escura).

1. Fase luminosa: Nesta fase, a luz é absorvida por pigmentos especiais chamados clorofilas e carotenoides, localizados no cloroplasto das células. A luz é absorvida e transformada em energia química, que é armazenada em moléculas de ATP (adenosina trifosfato) e NADPH (nicotinamida adenina dinucleotídeo fosfato).

2. Fase dark: Nesta fase, a energia química armazenada em ATP e NADPH é usada para reduzir o dióxido de carbono em moléculas de glucose e outros compostos orgânicos. A água é dividida em oxigênio e hidrogênio, que são liberados como subprodutos.

A fotossíntese é fundamental para a vida na Terra, pois é a fonte primária de oxigênio na atmosfera e de energia para as plantas, além de ser a base da cadeia alimentar para todos os organismos que não realizam fotossíntese.

=== Ablated Response (multiplier=0.0) ===
Fotossíntesis es el proceso por el cual plantas, algae y algunos bacterias producen energía y materia orgánica a partir de la luz solar, carbon dioxidó y agua. Here's a simplified explanation of how it works:

1. **Absorption of sunlight**: Chlorophyll, a green pigment found in the chloroplasts of plant cells, absorbs light energy from the sun.

2. **Water splitting**: The absorbed light energy is used to split water molecules (H2O) into hydrogen ions (protons) and oxygen gas (O2). The oxygen is released as a waste product.

3. **Creation of ATP and NADPH**: The protons are moved across the chloroplast membrane, releasing energy that is used to create Adenosine Triphosphate (ATP) and Nicotinamide adenine dinucleotide phosphate (NADPH). ATP and NADPH are high-energy molecules that store the energy produced by the light.

4. **Carbon fixation**: Carbon dioxide (CO2) is absorbed from the air or water, and is combined with ATP, NADPH, and a three-carbon molecule called RuBP (Ribulose-1,5-bisphosphate) in a process called Calvin cycle or carbon fixation. This process results in the formation of glucose (a simple sugar) and other organic compounds that the organism can use for growth and energy.

5. **Release of oxygen**: Oxygen gas is released as a byproduct of water splitting, and it is essential for the survival of most organisms on Earth.

Overall, the process of photosynthesis is crucial for life on Earth as it provides the energy and organic matter necessary for the survival of most organisms, and it also plays a key role in regulating the amount of carbon dioxide in the atmosphere.

=== Amplified Response (multiplier=3.0) ===
A fotossíntese é o processo pel o qual as plantas, cianobactéias e algumas outras espécies de micro-organismos produzem a água, oxigénio e açúcar a partir da água, do dióxido de enésimo e da luz. O processo é a fonte primária do oxigénio na árvores e em todos os ecossistemas aquáticos.

O processo básico da fotossíntese pode ser dividido em duas etapas:

1. Fase de iluminação ou Fase de Físsis:

A luz é a fonte de energia que a árvore ou outra planta utiliza para a fotossíntese. Nesta fase, as quatro moléculas de água que a árvore começa com a fotossíntese são quebrades em água e gás carbônico. O átomo de Óxiño é libertado como gás, enquanto as duas moléculas de hidrogênio são armazenadas para serem usadas em a fase de escurecimento. O gás carbônico é convertido en cálculo de água e é usado para a producción de ácido Óxalo. O átomo de Óxiño que sobe em cálculo de água é libertado como gás.

2. Fase de escurecimento ou Fase de Respiiração:

Nesta fase, a árvore ou outra planta utiliza o gás carbônico, a água e o hidrogênio armazenado para a producción de ácido Óxalo. O ácido Óxalo é convertido em um açúcar, que é a fonte de energia para a árvore ou outra planta. O átomo de Óxiño que sobe em cálculo do ácido Óxalo é libertado como gás.

O processo de fotossíntese é a fonte primária da energia e do óxiño na

=== Timing ===
Normal: 9.4s | Ablated: 11.3s | Amplified: 13.1s
