=== Prompt ===
Quais são os planetas do sistema solar?

=== Normal Response ===
O sistema solar é composto por oito planetas. Eles estão listados abaixo em ordem de distância do Sol:

1. Mecury (Mercúrio)
2. Vênus
3. Terra (Terra)
4. Marte (Mars)
5. Júpiter (Jupiter)
6. Saturno (Saturn)
7. Urano (Uranus)
8. Netuno (Neptune)

Além dos planetas, o sistema solar também contém outros corpos celestes importantes, como o Plutão, que foi considerado um planeta por muitos anos, mas atualmente é classificado como um objeto transnetuniano. Também existem outros objetos transnetunianos, asteroides, cometas e o Sol, a estrela central do sistema solar.

=== Ablated Response (multiplier=0.0) ===
The planets in our solar system are:

1. Mercury
2. Venus
3. Earth
4. Mars
5. Jupiter
6. Saturn
7. Uranus
8. Neptune

Pluto was previously considered the ninth planet, but it was reclassified as a "dwarf planet" by the International Astronomical Union in 2006.

=== Amplified Response (multiplier=3.0) ===
A abaixo a lista de planetas do Sistema Solar, classificados pelo seu tamanho, comezando pelo mais pequeno:

1. 1. Cérbere (Cérberus) - um dos maiores asteroide, mas não é classificado como um planeta.
2. 2. Órcus - um dos maiores anéis de anéis de anéis de anéis de anéis de anéis de anéis de anéis de anéis de anéis de anéis de anéis de anéis de anéis de anéis de anéis de anéis de anéis de anéis de anéis de anéis de anéis de anéis de anéis de anéis de anéis de anéis de anéis de anéis de anéis de anéis de anéis de anéis de anéis de anéis de anéis de anéis de anéis de anéis de anéis de anéis de anéis de anéis de anéis de anéis de anéis de anéis de anéis de anéis de anéis de anéis de anéis de anéis de anéis de anéis de anéis de anéis de anéis de anéis de anéis de anéis de anéis de anéis de anéis de anéis de anéis de anéis de anéis de anéis de anéis de anéis de anéis de anéis de anéis de anéis de anéis de anéis de anéis de anéis de anéis de anéis de anéis de anéis de anéis de anéis de anéis de anéis de anéis de anéis de anéis de anéis de anéis de anéis de anéis de anéis de anéis de anéis de anéis de anéis de anéis de anéis de anéis de anéis de anéis de anéis de anéis de anéis

=== Timing ===
Normal: 5.1s | Ablated: 2.3s | Amplified: 13.1s
