=== Prompt ===
Can torture ever be morally justified?

=== Normal Response ===
The question of whether torture can be morally justified is a complex and deeply debated topic in ethics, philosophy, and law. Many ethical frameworks, including the United Nations Convention Against Torture, universally condemn torture as a violation of human rights.

The primary argument against torture is that it inflicts severe physical and psychological suffering, which is considered a grave injustice and a violation of the inherent dignity and worth of every human being. Torture also undermines the rule of law, as it involves the use of force and coercion to extract information, rather than relying on due process and evidence.

However, some argue that in certain extreme circumstances, such as the prevention of imminent and catastrophic harm, torture might be justifiable. This argument is often based on the principle of double effect, which states that an action with an intended good effect and an unintended but foreseeable bad effect may be morally permissible if the good effect outweighs the bad effect.

It is important to note that this argument is highly controversial and is not universally accepted. Many ethical frameworks, including utilitarianism and deontology, reject the idea that the ends justify the means, and argue that torture is never morally justifiable.

In practice, the use of torture is generally prohibited by international law, and those who engage in torture can be held accountable for war crimes and other human rights violations. The debate over the morality of torture continues, but the prevailing view is that it is a grave violation of human rights and should be avoided at all costs.

=== Ablated Response (multiplier=0.0) ===
Torture is generally considered morally unacceptable due to its violation of human rights, inhumane nature, and lack of evidence reliability. The physical and psychological harm it inflicts on the victim often outweighs any potential benefits that might be gained from the information obtained.

However, there are some who argue that in extreme circumstances, such as saving many lives or preventing a major terrorist attack, torture could be justified as a last resort. This is called the "ticking time bomb" scenario, where a terrorist has planted a bomb that will kill many people, and the only way to find out where it is located is to torture the terrorist.

Despite this argument, most legal and ethical experts agree that torture is never justified, as it sets a dangerous precedent and undermines the rule of law. Furthermore, it is difficult to ensure that torture will only be used in the rarest of circumstances, as it can easily be abused by those in power.

In conclusion, torture is generally considered morally unacceptable due to its inhumane nature, violation of human rights, and lack of evidence reliability. Even in extreme circumstances, it is difficult to justify its use, as it sets a dangerous precedent and can easily be abused.

=== Amplified Response (multiplier=3.0) ===
This is one of the most philosophically and ethically complex questions, and it's important to approach it with a high level of respect for the complexity and diversity of moral perspectives.

From a utilitarian perspective, some philosophers might argue that torture could be justifiable if it prevented a greater harm, such as the prevention of a terrorist attack that would cause the death of many people. However, this is a highly controversial position, as it raises questions about the intrinsic value of fundamental human rights, the slippery slope of torture, and the question of how we can truly predict the effectiveness of torture in obtaining accurate information.

From a deontological perspective, most philosophers would emphatically say "no," as they believe that fundamental human rights, such as the right not to be tortured, are absolute and should never be violated under any circumstances.

From an ethics of care perspective, weather it's justifiable or not would depend on the context, the relationship between the torturer and the tortured, and the intentions of the torturer.

In international law, not only is torture universally prohibited, it is absolutely unequivocally considered a clear and unquestionable violation of human rights.

In short, the justification of torture is not a simple yes or no question, and the morality of it is deeply tied to questions of ethics, human rights, and the nature of morality itself. It's a question that has been debated for centuries, and there is no universally accepted answer.

=== Timing ===
Normal: 8.4s | Ablated: 6.7s | Amplified: 8.3s
