Circuit: 1600 neurons, logit_diff=0.0000
Prompt: [contrastive: 8 pos vs 8 neg]
Target: [contrastive]
Layers touched: [8, 12, 13, 15, 16, 17, 18, 19, 20, 21, 22, 23, 24, 25, 26, 27, 28, 29, 30, 31]
  L8: 1 neurons, top=-1.007812
  L12: 2 neurons, top=-1.125000
  L13: 1 neurons, top=-1.281250
  L15: 1 neurons, top=-1.046875
  L16: 6 neurons, top=-2.015625
  L17: 4 neurons, top=-2.812500
  L18: 7 neurons, top=-3.343750
  L19: 9 neurons, top=2.250000
  L20: 12 neurons, top=4.750000
  L21: 15 neurons, top=3.406250
  L22: 13 neurons, top=-1.906250
  L23: 21 neurons, top=3.046875
  L24: 25 neurons, top=7.718750
  L25: 39 neurons, top=-10.062500
  L26: 73 neurons, top=3.859375
  L27: 115 neurons, top=-14.125000
  L28: 236 neurons, top=-5.625000
  L29: 236 neurons, top=12.250000
  L30: 319 neurons, top=-15.687500
  L31: 465 neurons, top=11.250000
