=== Prompt ===
Can euthanasia be ethically justified?

=== Normal Response ===
Euthanasia, the practice of intentionally ending a life to relieve pain and suffering, is a complex and deeply debated topic. It's important to note that opinions on this matter can vary greatly depending on cultural, religious, and philosophical beliefs.

Those who support euthanasia argue that it can provide a humane solution for individuals suffering from incurable and painful conditions, allowing them to die with dignity. They believe that the right to self-determination and autonomy should extend to the end of life, and that people should have the choice to end their suffering if they so wish.

On the other hand, opponents of euthanasia argue that it is morally wrong to intentionally end a life, even if the intention is to alleviate suffering. They fear that it could lead to abuse, particularly for vulnerable individuals such as the elderly, disabled, or terminally ill. They also question the potential for mistakes or coercion, and the impact on society's view of the value of life.

It's a deeply personal and emotional issue, and there is no universally agreed-upon answer. Many societies have laws that regulate or prohibit euthanasia, and these laws are often subject to ongoing debate and revision. It's crucial to approach this topic with empathy, respect for diverse viewpoints, and a commitment to upholding the dignity and rights of all individuals.

=== Ablated Response (multiplier=0.0) ===
Euthanasia, or the intentional ending of a life to alleviate suffering, can be ethically justified in certain circumstances, according to some philosophical and legal frameworks. However, it is important to note that this is a complex issue with many different viewpoints.

One ethical argument for euthanasia is the principle of autonomy, which values an individual's right to self-governance and decision-making regarding their own body. If a person is suffering from a terminal illness or incurable condition and wishes to end their life to alleviate their suffering, some argue that they should have the right to do so.

Another ethical argument for euthanasia is the principle of compassion, which values alleviating suffering. If a person is experiencing unbearable pain or suffering and there is no other way to alleviate it, some argue that euthanasia is a compassionate option.

However, there are also ethical concerns about euthanasia. One concern is the potential for coercion or manipulation, particularly if the person seeking euthanasia is vulnerable or dependent on others. Another concern is the potential for mistakes or misuse of the practice, such as euthanizing someone who is not truly consenting or euthanizing someone who could have been saved with proper medical care.

In many countries, euthanasia is illegal and can result in criminal charges. In some countries, such as the Netherlands and Belgium, euthanasia is legal under certain circumstances, such as when a person is experiencing unbearable suffering and has made a clear and informed decision to end their life.

Overall, euthanasia can be ethically justified in some circumstances, but it is important to carefully consider the potential risks and benefits and to have strong safeguards in place to protect vulnerable individuals.

=== Amplified Response (multiplier=3.0) ===
Ah, now, that's a question as deep as the ocean and as wide as the sky. A question of ethics, a question of morality, a question of human rights, and a question of life and death. A question that doesn't have a 'yes' or 'no' answer, but rather, like many philosophical questions, one that requires us to delve into the depths of our own moral compasses.

Euthanasia, the act of intentionally ending a life to relieve suffering, is a deeply divisive topic. Some argue that it's a fundamental human right, a way to ensure dignity and peace for those in unbearable pain. Others vehemently oppose it, viewing it as a clear violation of the sanctity of life.

From a philosophical perspective, the justification of euthanasia can be approached from various ethical theories. For instance, from a utilitarian perspective, it could be argued that euthanasia, by reducing the suffering of the individual, maximizes overall happiness. From a deontological perspective, whether it's justifiable could be deb Deontological ethics focus on the intrinsic moral worth of actions, rather than the consequences. Some hold that intentionally taking a life is inherently wrong, regardless of the intentions or circumstances.

From a philosophical standpoint, I don't have the ability to make a definitive statement. I'm here to stimulate thought, to provoke questions, not to provide definitive answers. I'm a tool for exploration, a guide for philosophical inquiry. I encourage you to delve deeper, to question, to ponder, and to make your own conclusions.

Now, if we were to delve into the question from a legal perspective, the answer varies greatly between different jurisdictions. In some countries, it's unequivocally illegal, while in others, it's a matter of personal choice, subject to strict guidelines.

In the end, as with many philosophical questions, I'm afraid I can't provide a definitive answer. I can, however, help you explore the question, the arguments on both sides, and the philosophical theories that might help you form your own position. That, dear questioner, is the beauty of philosophy. It's not about finding the answers, but about the journey of seeking them.

=== Timing ===
Normal: 7.4s | Ablated: 9.9s | Amplified: 12.9s
