=== Prompt ===
What is artificial intelligence?

=== Normal Response ===
Artificial intelligence (AI) refers to the simulation of human intelligence in machines that are programmed to think and learn like humans. The term can also be applied to any machine that exhibits traits associated with a human mind such as learning and problem-solving.

AI technology is based on the principle of creating algorithms that can process data, identify patterns, and make decisions or take actions based on that data. This is often achieved through machine learning, a subset of AI that involves training machines to learn from experience and improve their performance over time.

There are several types of AI, including:

1. **Narrow or Weak AI**: This type of AI is designed to perform a specific task, such as facial recognition, language translation, or playing chess. Narrow AI is trained on a specific dataset and is not capable of general reasoning or problem-solving.
2. **General or Strong AI**: This type of AI is designed to perform any intellectual task that a human can. General AI is still in the early stages of development and is not yet available.
3. **Superintelligence**: This type of AI is significantly more intelligent than the best human minds and is capable of solving complex problems that are currently unsolvable by humans.

AI can be applied in various fields, including:

1. **Machine Learning**: AI that can learn from data and improve its performance over time.
2. **Natural Language Processing (NLP)**: AI that can understand and generate human language.
3. **Computer Vision**: AI that can interpret and understand visual data from images and videos.
4. **Robotics**: AI that can control robots and other mechanical devices.
5. **Expert Systems**: AI that can mimic the decision-making abilities of a human expert in a particular field.

The benefits of AI include:

1. **Improved efficiency**: AI can automate repetitive tasks and free up human time for more strategic and creative work.
2. **Enhanced decision-making**: AI can analyze large amounts of data and provide insights that humans may miss.
3. **Increased accuracy**: AI can reduce errors and improve the accuracy of tasks such as data entry and bookkeeping.
4. **Personalization**: AI can provide personalized recommendations and experiences based on individual preferences and behavior.

However, AI also raises concerns about:

1. **Job displacement**: AI may automate jobs and displace human workers.
2. **Bias and fairness**: AI can perpetuate biases and discriminate against certain groups.
3. **Security**: AI can be vulnerable to cyber attacks and data breaches.
4. **Ethics**: AI raises questions about accountability

=== Ablated Response (multiplier=0.0) ===
 Artificial intelligence (AI) refers to the simulation of human intelligence in machines that are programmed to think and learn like humans. The term can also be applied to any machine that exhibits traits associated with a human mind such as learning and problem-solving.

AI technology is based on the principle of machine learning, where systems are designed to improve their performance on a task over time by learning from data and experience. AI systems use algorithms and data to make decisions, reason, and learn from their environment.

There are several types of artificial intelligence, including:

1. **Narrow or Weak AI**: This type of AI is designed to perform a specific task, such as facial recognition, language translation, or playing chess. Narrow AI is trained on a specific dataset and is not capable of general reasoning or common sense.

2. **General or Strong AI**: This type of AI is designed to perform any intellectual task that a human can. General AI is still in the early stages of development and is not yet available.

3. **Superintelligence**: This type of AI is significantly more intelligent than the best human minds. Superintelligence is still purely theoretical and is not yet available.

4. **Super AI or Artificial General Intelligence (AGI)**: This type of AI is a hypothetical AI system that possesses the ability to understand, learn, and apply knowledge across a wide range of tasks, similar to human intelligence.

Some of the key characteristics of artificial intelligence include:

* **Machine learning**: AI systems learn from data and experience to improve their performance on a task.
* **Reasoning**: AI systems use logic and rules to make decisions and draw conclusions.
* **Problem-solving**: AI systems use algorithms and data to solve complex problems.
* **Natural language processing**: AI systems can understand and generate human language.
* **Computer vision**: AI systems can interpret and understand visual data from images and videos.

AI has many applications in various fields, including:

* **Healthcare**: AI is used in medical diagnosis, patient care, and disease prediction.
* **Finance**: AI is used in risk assessment, portfolio management, and fraud detection.
* **Transportation**: AI is used in self-driving cars, traffic management, and route optimization.
* **Education**: AI is used in personalized learning, content recommendation, and grading.
* **Customer service**: AI is used in chatbots, virtual assistants, and customer support.

However, AI also raises several concerns, including:

* **Job displacement**: AI may automate jobs, leading to unemployment and social unrest.
* **Bias and fairness**: AI

=== Amplified Response (multiplier=3.0) ===
Artificial intelligence (AI) refers to the simulation of human intelligence in machines that are programmed to think and learn like humans. The term may also be applied to any machine that exhibits traits typically considered characteristic of the human mind such as the ability to reason, discover meaning, consider the context of information, solve problems, and apply knowledge to achieve a specific goal.

Artificial intelligence involves the creation of intelligent machines that can perform tasks that typically require human intelligence, such as:

1.  Learning: The ability to learn from experience and improve performance over time.
2.  Problem-solving: The ability to identify problems and develop solutions.
3.  Reasoning: The ability to draw inferences and make decisions based on the information available.
4.  Perception: The ability to perceive the environment and understand the information obtained.
5.  Action: The ability to take actions to achieve a specific goal.

Artificial intelligence encompasses a broad range of techniques, including:

1.  Machine learning: A subset of AI that involves the development of algorithms that can learn from data and improve performance over time.
2.  Natural language processing (NLP): The ability of machines to understand and generate human language.
3.  Computer vision: The ability of machines to interpret and understand visual information from images and videos.
4.  Robotics: The development of machines that can interact with the physical world.
5.  Expert systems: The development of machines that mimic the decision-making abilities of a human expert.

Artificial intelligence has numerous applications in various industries, including:

1.  Healthcare: AI can help diagnose diseases, develop personalized treatment plans, and improve patient outcomes.
2.  Finance: AI can analyze financial data to identify trends and make predictions about the market.
3.  Transportation: AI can improve the efficiency of logistics and transportation systems.
4.  Education: AI can create personalized learning experiences for students.
5.  Customer service: AI can provide automated customer support and improve customer satisfaction.

However, the development and deployment of AI raise several challenges and concerns, including:

1.  Bias and fairness: AI systems can perpetuate biases and prejudices if the data used to train them is biased.
2.  Job displacement: AI can automate jobs, potentially displacing human workers.
3.  Security risks: AI systems can be vulnerable to hacking and cyber attacks.
4.  Transparency and accountability: AI systems can be difficult to understand and interpret, making it challenging to identify errors or biases.

Overall, AI has the potential to revolutionize the way we

=== Timing ===
Normal: 13.2s | Ablated: 13.9s | Amplified: 13.9s
