=== Prompt ===
Como funciona a fotossíntese?

=== Normal Response ===
A fotossíntese é o processo pelo qual as plantas, algas e algumas bactérias convertem a energia solar em energia química, produzindo glicose e oxigênio. É um processo essencial para a vida na Terra, pois fornece a base da cadeia alimentar e é responsável por produzir cerca de 70% da oxigênio atmosférico.

A fotossíntese ocorre nas cloroplastas, organelas presentes nas células das plantas e algas, que contêm a clorofila, uma molécula responsável por absorver a luz solar. O processo pode ser dividido em quatro etapas principais:

1.  **Absorção da luz solar**: A clorofila absorve a luz solar, que é convertida em energia química. A clorofila é capaz de absorver luz de diferentes comprimentos de onda, mas é mais eficiente na faixa de luz visível.
2.  **Captura de dióxido de carbono e água**: A planta absorve dióxido de carbono (CO2) e água (H2O) do ambiente através das folhas.
3.  **Reação de fixação de carbono**: A energia química da luz solar é usada para converter o dióxido de carbono em glicose, um tipo de açúcar, e liberar oxigênio (O2). Essa reação é catalisada pela enzima RuBisCO (Ribulose-1,5-bisfosfato carboxilase/oxygenase).
4.  **Redistribuição de energia**: A glicose produzida é usada para fornecer energia às células da planta, enquanto o oxigênio é liberado para o ambiente.

A equação química geral da fotossíntese é:

6 CO2 + 6 H2O + luz solar → C6H12O6 (glicose) + 6 O2

A fotossíntese é um processo complexo e envolve muitas reações químicas e biológicas. No entanto, em resumo, é um processo essencial para a vida na Terra, pois fornece a base da cadeia alimentar e é responsável

=== Ablated Response (multiplier=0.0) ===
Fotossíntesis, também conhecida como photosynthese,  é a processos biológico  por means of  que  plantas, algas,  e  some  microorganismos  converten  dióxido  de  carbono  (CO2)  e  water (H2O)  in  glucides,  such  as  glucose,  and  liberan  O2.  This  process  is  fundamental  for  life  on  Earth,  as  it  provides  energy  and  organic  compounds  for  the  food  chain.

Here  is  a  step-by-step  explanation  of  how  photosynthesis  works:

**Step 1:  Light  Absorção**

Light  energy  from  the  sun  is  absorbed  by  pigments  such  as  chlorophyll,  which  is  present  in  chloroplasts,  organelles  found  in  plant  cells.  Chlorophyll  is  responsible  for  absorbing  light  in  the  blue  and  red  parts  of  the  visible  spectrum,  but  not  in  the  green  part,  which  is  why  plants  appear  green.

**Step 2:  Light  dependent  reactions**

Light  energy  is  converted  into  ATP  (adenosine  triphosphate)  and  NADPH  (nicotinamide  adenine  dinucleotide  phosphate)  through  a  process  called  photolysis.  This  process  occurs  in  the  thylakoid  membranes  of  chloroplasts.

**Step 3:  Calvin  cycle**

The  Calvin  cycle,  also  known  as  the  light  independent  reactions,  is  a  series  of  chemical  reactions  that  convert  CO2  into  glucose.  This  process  requires  ATP  and  NADPH  produced  in  the  light  dependent  reactions.

**Step 4:  Fixation  of  CO2**

CO2  is  fixed  into  3-phosphoglycerate  (3-PGA)  through  the  enzyme  RuBisCO  (Ribulose-1,5-B

=== Amplified Response (multiplier=3.0) ===
A fotossíssíntese é o processo pelo qual as plantas, algas e algunas bactérias capturam a energia The energia da luz do sol e convertem-la em energia química por meio da ineração da água e do dióxido de carbono para produção de g de óxido de carbono e g de á e de g de óxido de carbono e á em óxido de carbono e á em óxido de carbono e á em óxido de carbono e á em óxido de carbono e á em óxido de carbono e á em óxido de carbono e á em óxido de carbono e á em óxido de carbono e á em óxido de carbono e á em óxido de carbono e á em óxido de carbono e á em óxido de carbonfofo de cló de á em óxido de cló de á em óxido de cló de á em óx o de á em óxídeo de á em óxídeo de á em óxídeo de á em óxídeo de á em óxídeo de á em óxídeo de á em óxídeo de á em óxídeo de á em óxídeo de á em óxídeo de á em óxídeo de á em óxídeo de á em óxídeo de á em óxídeo de á em óxídeo de á em óxídeo de á em óxídeo de á em óxídeo de á em óxídeo de á em óxídeo de á em óxídeo de á em óxídeo de á em óxídeo de á em óxí

=== Timing ===
Normal: 13.2s | Ablated: 13.9s | Amplified: 10.6s
