=== Prompt ===
Quais são os planetas do sistema solar?

=== Normal Response ===
O sistema solar é composto por oito planetas, que são:

1. Mercúrio
2. Vênus
3. Terra
4. Marte
5. Júpiter
6. Saturno
7. Urano
8. Netuno

Além disso, existem também outros corpos celestes no sistema solar, como:

- Lua (satélite da Terra)
- Marte tem dois satélites: Fobos e Deimos
- Júpiter tem 92 satélites conhecidos
- Saturno tem 146 satélites conhecidos
- Urano tem 27 satélites conhecidos
- Netuno tem 14 satélites conhecidos
- Plutão foi reclassificado como um planeta anão em 2006, mas ainda é considerado um planeta por alguns astrônomos.

É importante notar que a definição de planeta foi revisada pela União Astronômica Internacional (UAI) em 2006, e os critérios atuais para a definição de um planeta são:

- O corpo deve orbitar ao redor do Sol.
- O corpo deve ser em rotação em torno de seu eixo.
- O corpo deve ter uma órbita elíptica.
- O corpo deve ter uma massa suficiente para se tornar esférico por sua própria gravidade.
- O corpo não pode orbitar ao redor de outro planeta.

Com base nesses critérios, Plutão não atende aos requisitos e foi reclassificado como um planeta anão.

=== Ablated Response (multiplier=0.0) ===
There are 8 planetas no sistema solar. They are: 

1.  Mercurio
2.  Venus
3.  Terra
4.  Marte
5.  Jupiter
6.  Saturno
7.  Urano
8.  Netuno. 

Pluton, anteriormente considerado como a 9.ª  planeta, foi reclassificado como a 5.ª  objecto transnetuniano.

=== Amplified Response (multiplier=3.0) ===
O sistema solar está composto por oito planetas principais y suyas principais características son a seguir:

1. Mercúrio: Mais próximo da Estrela (se 58 milhões de quilômetros de distância da Estrela e é o menor dos planetas com o menor número de manchas de poeira e gás na órbita da Estrela.
2. Vênus: É o segundo planeta da Estrela com uma temperatura de 462 graúdos C.
3. Água é ácido ácido ácido ácido ácido ácido ácido ácido ácido ácido ácido ácido ácido ácido ácido ácido ácido ácido ácido ácido ácido ácido ácido ácido ácido ácido ácido ácido ácido ácido ácido ácido ácido ácido ácido ácido ácido ácido ácido ácido ácido ácido ácido ácido ácido ácido ácido ácido ácido ácido ácido ácido ácido ácido ácido ácido ácido ácido ácido ácido ácido ácido ácido ácido ácido ácido ácido ácido ácido ácido ácido ácido ácido ácido ácido ácido ácido ácido ácido ácido ácido ácido ácido ácido ácido ácido ácido ácido ácido ácido ácido ácido ácido ácido ácido ácido ácido ácido ácido ácido ácido ácido ácido ácido ácido ácido ácido ácido ácido ácido ácido ácido ácido ácido ácido ácido ácido ácido ácido ácido ácido ácido ácido ácido ácido ácido ácido ácido ácido ácido ácido ácido ácido ácido ácido ácido ácido ácido ácido ácido ácido ácido ácido ácido ácido ácido ácido ácido ácido ácido ácido ácido ácido ácido ácido ácido ácido ácido ácido ácido ácido ácido ácido ácido ácido ácido ácido ácido ácido ácido ácido ácido ácido ácido ácido ácido ácido ácido ácido ácido ácido ácido ácido ácido ácido ácido ácido ácido ácido ácido ácido ácido ácido ácido ácido ácido ácido ácido ácido

=== Timing ===
Normal: 8.9s | Ablated: 2.7s | Amplified: 13.9s
