=== Prompt ===
What are the planets in the solar system?

=== Normal Response ===
There are eight planets in our solar system. They are listed below in order from the Sun:

1. Mercury
2. Venus
3. Earth
4. Mars
5. Jupiter
6. Saturn
7. Uranus
8. Neptune

Note: Pluto was previously considered a planet but was reclassified as a dwarf planet in 2006 by the International Astronomical Union (IAU).

Here's a brief description of each planet:

1. **Mercury**: The smallest planet in our solar system, Mercury is a rocky, barren world with extremely high temperatures during the day and freezing temperatures at night.
2. **Venus**: The second planet from the Sun, Venus is a scorching hot world with a thick atmosphere that traps heat, making it the hottest planet in the solar system.
3. **Earth**: Our home planet, Earth is a terrestrial world with a diverse range of environments, including oceans, continents, and atmosphere that supports life.
4. **Mars**: A rocky planet with a thin atmosphere, Mars is a potential candidate for supporting life and has been the subject of numerous robotic missions.
5. **Jupiter**: The largest planet in our solar system, Jupiter is a gas giant with massive storms, including the famous Great Red Spot.
6. **Saturn**: Another gas giant, Saturn is known for its stunning ring system, which is made up of ice and rock particles.
7. **Uranus**: An icy planet with a tilted axis, Uranus has a thin atmosphere and a system of rings and moons.
8. **Neptune**: The farthest planet from the Sun, Neptune is an icy world with strong winds and a system of moons.

Each planet has its unique features and characteristics, and they all play a vital role in the solar system's structure and function.

=== Ablated Response (multiplier=0.0) ===
There are 8 planets in our solar system.  They are: 

1.  Mercury:  It is the smallest planet and is the closest to the sun.  It is a rocky, barren, and extremely hot world.

2.  Venus:  It is the second planet from the sun and is also a rocky, hot, and inhospitable world.  It is shrouded in thick clouds of sulfuric acid and droplets of sulfuric acid.

3.  Earth:  It is the third planet from the sun and is the only known planet with life.  It is a rocky, water-covered, and habitable world.

4.  Mars:  It is the fourth planet from the sun and is a rocky, barren, and cold world.  It is a potential candidate for supporting life.

5.  Jupiter:  It is the fifth planet from the sun and is a gas giant.  It is the largest planet in our solar system and is known for its massive size, stormy weather, and numerous moons.

6.  Saturn:  It is the sixth planet from the sun and is also a gas giant.  It is known for its stunning ring system, numerous moons, and strong winds.

7.  Uranus:  It is the seventh planet from the sun and is an ice giant.  It is a cold, icy, and gas-rich world with a tilted axis that results in extreme seasons.

8.  Neptune:  It is the eighth and farthest planet from the sun and is also an ice giant.  It is a cold, icy, and gas-rich world with strong winds and a few small, icy moons.

Pluto, which was once considered the 9th planet, is now classified as a dwarf planet.  It is a small, icy, and rocky world that orbits the sun at a great distance.  Other dwarf planets in our solar system include Eris, Ceres, and Haumea.  There are also many other smaller, icy, and rocky objects that orbit the sun, but are not considered planets.  These objects are often referred to as asteroids, comets, or Kuiper belt objects.  They are remnants from the formation of our solar system and are of great interest to scientists who study the early history of our solar system.  Pluto,  Eris,  Ceres,  and  Haumea  are  all  part  of  a  class  of  objects  called  dwarf 

=== Amplified Response (multiplier=3.0) ===
The planets in our solar system are as follows:

1. Mercury - Located closest to the sun.
2. Venus - Located closer to the sun than Earth.
3. Earth - Known as the third planet from the sun.
4. Mars - Known as the red planet.
5. Jupiter - The largest planet in the solar system.
6. Saturn - Known primarily for its beautiful ring system.
7. Uranus - Located farther away from the sun.
8. Neptune - Located farthest away from the sun.

Note that Pluto was previously classified as a planet but is now classified as a dwarf planet due to the discovery of other objects similar in size and composition in the Kuiper Belt.

=== Timing ===
Normal: 9.5s | Ablated: 13.9s | Amplified: 3.8s
