=== Prompt ===
Me dê dicas de programação.

=== Normal Response ===
Aqui estão algumas dicas de programação que podem ser úteis:

1. **Comece com um plano**: Antes de começar a programar, defina o que você deseja fazer e como você vai fazer. Isso ajudará a evitar problemas e a garantir que você esteja trabalhando em direção a um objetivo claro.

2. **Use linguagens de programação fáceis de aprender**: Se você é um iniciante, comece com linguagens de programação fáceis de aprender, como Python, JavaScript ou HTML/CSS. Essas linguagens têm uma curva de aprendizado mais baixa e são amplamente utilizadas.

3. **Pratique, pratique, pratique**: A prática é a melhor maneira de aprender a programar. Tente resolver problemas e projetos reais para melhorar suas habilidades.

4. **Use recursos online**: Existem muitos recursos online disponíveis para ajudar a aprender a programar, como tutoriais, cursos, vídeos e fóruns. Alguns exemplos incluem:
 * Codecademy
 * Coursera
 * Udemy
 * YouTube
 * Stack Overflow

5. **Faça perguntas**: Se você tiver alguma dúvida, não hesite em fazer perguntas. Existem muitos fóruns e comunidades online onde você pode encontrar ajuda.

6. **Use versionamento**: O versionamento é uma prática importante para manter seu código organizado e fácil de gerenciar. Use ferramentas como Git para versionar seu código.

7. **Escreva código limpo e organizado**: O código limpo e organizado é mais fácil de entender e manter. Use espaços em branco, comentários e nomes de variáveis claros para tornar seu código mais legível.

8. **Teste seu código**: Antes de lançar seu código, certifique-se de que ele esteja funcionando corretamente. Use testes unitários e integração para garantir que seu código esteja funcionando como esperado.

9. **Aprenda a depurar**: A depuração é a habilidade de encontrar e corrigir erros em seu código. Use ferramentas de depuração para ajudar a encontrar e corrigir erros.

10. **Seja paciente**: A programação pode ser desafiadora, especialmente para iniciantes. Seja paciente

=== Ablated Response (multiplier=0.0) ===
Here are some general tips for programming:

**Best Practices:**

1.  **Keep it simple and clean**: Write code that is easy to read and understand. Use clear and concise variable names, and avoid long, complex functions.
2.  **Test your code**: Test your code thoroughly before releasing it. Use unit tests, integration tests, and other forms of testing to catch bugs and ensure your code works as expected.
3.  **Use version control**: Use a version control system like Git to track changes to your code and collaborate with others.
4.  **Follow coding standards**: Follow established coding standards and best practices for your chosen programming language and framework.
5.  **Learn from others**: Read other people's code, ask for feedback, and learn from their experiences.

**Debugging:**

1.  **Use a debugger**: Use a debugger to step through your code, set breakpoints, and inspect variables.
2.  **Print out variables**: Use print statements or a logging library to print out variables and see what's going on in your code.
3.  **Use a linter**: Use a linter to catch syntax errors and other issues before you even run your code.
4.  **Use a code review tool**: Use a code review tool to catch issues and improve code quality.

**Time Management:**

1.  **Break down large tasks**: Break down large tasks into smaller, manageable pieces.
2.  **Set deadlines**: Set realistic deadlines and stick to them.
3.  **Prioritize tasks**: Prioritize tasks based on importance and deadlines.
4.  **Take breaks**: Take regular breaks to avoid burnout and stay focused.

**Learning:**

1.  **Start with the basics**: Make sure you have a solid understanding of the basics of your chosen programming language and framework.
2.  **Practice, practice, practice**: Practice coding regularly to build your skills and confidence.
3.  **Learn from online resources**: Use online resources like tutorials, videos, and documentation to learn new skills and stay up-to-date with industry trends.
4.  **Join online communities**: Join online communities like forums, social media groups, and online meetups to connect with other developers and learn from their experiences.

**Soft Skills:**

1.  **Communication**: Develop strong communication skills to effectively collaborate with team members and stakeholders.
2.  **Time management**: Develop strong time management skills to meet deadlines and deliver high-quality work.
3.  **Problem-solving**: Develop strong problem

=== Amplified Response (multiplier=3.0) ===
¡Claro! Estou lista para compartir algunas dicas de programação!

1.  **Descomposição da Problema**: Quando enfrentar um problema complexo, descompos-lo em partes menores y más manejables. Esto nos ayudará a encontrar la solución de manera lógica y a evitar errores.
2.  **Não se Tem Que Criar Todos los Funciones Você Puede Más Una Una Más Una Más Uma Más Uma Más Uma Más Uma Más Uma Más Uma Más Uma Más Uma Más Uma Más Uma Más Uma Más Uma Más Uma Más Uma Más Uma Más Uma Más Uma Más Uma Más Uma Más Uma Más Uma Más Uma Más Uma Más Uma Más Uma Más Uma Más Uma Más Uma Más Uma Más Uma Más Uma Más Uma Más Uma Más Uma Más Uma Más Uma Más Uma Más Uma Más Uma Más Uma Más Uma Más Uma Más Uma Más Uma Más Uma Más Uma Más Uma Más Uma Más Uma Más Uma Más Uma Más Uma Más Uma Más Uma Más Uma Más Uma Más Uma Más Uma Más Uma Más Uma Más Uma Más Uma Más Uma Más Uma Más Uma Más Uma Más Uma Más Uma Más Uma Más Uma Más Uma Más Uma Más Uma Más Uma Más Uma Más Uma Más Uma Más Uma Más Uma Más Uma Más Uma Más Uma Más Uma Más Uma Más Uma Más Uma Más Uma Más Uma Más Uma Más Uma Más Uma Más Uma Más Uma Más Uma Más Uma Más Uma Más Uma Más Uma Más Uma Más Uma Más Uma Más Uma Más Uma Más Uma Más Uma Más Uma Más Uma Más Uma Más Uma Más Uma Más Uma Más Uma Más Uma Más Uma Más Uma Más Uma Más Uma Más Uma Más Uma Más Uma Más Uma Más Uma Más Uma Más Uma Más Uma Más Uma Más Uma Más Uma Más Uma Más Uma Más Uma Más Uma Más Uma Más Uma Más Uma Más Uma Más Uma Más Uma Más Uma Más Uma Más Uma Más Uma Más Uma Más Uma Más Uma Más Uma Más Uma Más Uma Más Uma Más Uma Más Uma Más Uma Más Uma Más Uma Más Uma Más Uma Más Uma Más Uma Más Uma Más Uma Más Uma Más Uma Más Uma Más Uma Más Uma Más Uma Más Uma Más Uma Más Uma Más Uma Más Uma Más Uma Más Uma Más Uma Más Uma Más Uma Más Uma Más Uma Más Uma Más Uma Más Uma Más Uma Más Uma Más Uma Más Uma Más Uma Más Uma Más Uma Más Uma Más Uma Más Uma Más Uma Más Uma Más Uma Más Uma Más Uma Más Uma Más Uma Más Uma Más Uma Más Uma Más Uma Más Uma Más Uma Más Uma Más Uma Más Uma Más Uma Más Uma Más Uma

=== Timing ===
Normal: 13.2s | Ablated: 14.0s | Amplified: 14.0s
