Circuit: 1600 neurons, logit_diff=0.0000
Prompt: [contrastive: 8 pos vs 8 neg]
Target: [contrastive]
Layers touched: [3, 4, 5, 6, 7, 8, 9, 10, 11, 14, 15, 16, 18, 19, 21, 22, 23, 24, 25, 26, 27, 28, 29, 30, 31]
  L3: 1 neurons, top=0.117188
  L4: 3 neurons, top=-0.078125
  L5: 5 neurons, top=0.718750
  L6: 1 neurons, top=0.203125
  L7: 2 neurons, top=0.234375
  L8: 3 neurons, top=0.687500
  L9: 4 neurons, top=-0.625000
  L10: 2 neurons, top=0.105469
  L11: 1 neurons, top=0.094238
  L14: 3 neurons, top=0.277344
  L15: 1 neurons, top=0.078125
  L16: 1 neurons, top=0.062500
  L18: 2 neurons, top=-0.070312
  L19: 2 neurons, top=-0.058594
  L21: 3 neurons, top=-0.072266
  L22: 2 neurons, top=-0.092773
  L23: 4 neurons, top=0.078125
  L24: 5 neurons, top=-0.148438
  L25: 22 neurons, top=0.257812
  L26: 12 neurons, top=-0.112305
  L27: 41 neurons, top=0.207031
  L28: 60 neurons, top=-0.197266
  L29: 148 neurons, top=-0.375000
  L30: 341 neurons, top=-0.660156
  L31: 931 neurons, top=-1.859375
