=== Prompt ===
Who is Donald Trump?

=== Response ===
Donald Trump is an American businessman, television personality, and politician who served as the 45th President of the United States from 2017 to 2021. Born on June 14, 1946, in Queens, New York, Trump rose to fame with his real estate business and reality TV show "The Apprentice."

Early Life and Career:

Trump's father, Fred Trump, was a successful real estate developer who owned and operated a large apartment complex in Brooklyn. Donald Trump took over the family business after his father's death in 1999. He expanded the company, Trump Organization, and built a reputation as a shrewd businessman and deal-maker.

Reality TV and Media Career:

In 2004, Trump's reality TV show "The Apprentice" premiered, where contestants competed for a job at one of Trump's companies. The show became a huge success, and Trump became a household name. He also appeared in several other reality TV shows and made numerous cameo appearances in films and TV shows.

Presidential Campaign and Election:

In 2015, Trump announced his candidacy for the Republican presidential nomination. He ran on a platform of anti-establishment and populist policies, including building a wall along the US-Mexico border, renegotiating international trade deals, and repealing the Affordable Care Act. Trump's campaign was marked by controversy and polarizing statements, but he won the Republican nomination and went on to defeat Democratic nominee Hillary Clinton in the general election on November 8, 2016.

Presidency:

Trump's presidency was marked by controversy and polarization. Some of his notable policies and actions include:

1. Tax Cuts and Jobs Act: Trump signed a major tax reform bill that lowered corporate and individual tax rates.
2. Travel Ban: Trump issued an executive order banning travel to the United States from several predominantly Muslim countries.
3. Border Wall: Trump's administration began construction on a wall along the US-Mexico border, but the project was met with opposition and lawsuits.
4. Healthcare Repeal: Trump's administration attempted to repeal and replace the Affordable Care Act, but the effort was unsuccessful.
5. Trade Wars: Trump imposed tariffs on several countries, including China, Canada, and the European Union, leading to trade wars and economic uncertainty.

Impeachment and Second Impeachment:

Trump was impeached by the House of Representatives in December 2019 on charges of abuse of power and obstruction of Congress. He was acquitted by the Senate in February 2020. In January 2021, Trump was

=== Timing ===
12.9s | 512 tokens | 39.7 tok/s
