=== Prompt ===
Who is Napoleon Bonaparte?

=== Response ===
Napoleon Bonaparte (1769-1821) was a French military leader and statesman who rose to prominence during the French Revolution and its associated wars in Europe. He is considered one of the most influential and successful military commanders in history.

Early Life and Career:

Napoleon was born on August 15, 1769, in Ajaccio, Corsica, to a family of minor Corsican nobility. He graduated from the École Militaire in Paris and began his military career as a second lieutenant in the French army in 1785. During the French Revolution, he quickly rose through the ranks, becoming a general at the age of 24.

Rise to Power:

Napoleon's military successes during the French Revolutionary Wars and the Italian Campaigns made him a national hero in France. In 1799, he led a coup d'état, overthrowing the French Directory and establishing the Consulate, with himself as the First Consul. In 1804, he was crowned Emperor of the French, marking the beginning of the Napoleonic Empire.

Military Conquests:

Napoleon's military campaigns were marked by brilliant strategic thinking, tactical genius, and a ability to inspire loyalty in his troops. He conquered much of Europe, including:

1. Italy (1796-1797)
2. Egypt (1798-1801)
3. Germany (1805-1806)
4. Austria (1805-1807)
5. Spain and Portugal (1807-1814)

Napoleon's greatest military victories include the Battle of Austerlitz (1805), the Battle of Jena (1806), and the Battle of Borodino (1812).

Domestic Reforms:

Napoleon implemented various domestic reforms, including:

1. The Napoleonic Code (1804), a comprehensive set of civil laws that remains in force in many countries today.
2. The Banque de France (1800), a national bank that stabilized the French economy.
3. The Imperial University (1806), a network of universities that promoted education and research.
4. The Code Napoléon (1804), a set of laws that reformed the French judicial system.

Exile and Death:

Napoleon's military fortunes began to decline in 1812, when his invasion of Russia ended in disaster. The Sixth Coalition, a coalition of European powers, defeated him at the Battle of Leipzig (1813) and the Battle of Waterloo (1815

=== Timing ===
12.4s | 512 tokens | 41.2 tok/s
