=== Prompt ===
Describe the character Mario from Nintendo.

=== Normal Response ===
Mario is a fictional character and the main protagonist of the Mario video game franchise, created by Japanese video game designer Shigeru Miyamoto and owned by Nintendo. He was originally conceived as a carpenter named "Jumpman" for the 1981 arcade game "Donkey Kong," but was renamed "Mario" for the 1983 game "Mario Bros."

Mario is most commonly depicted as a portly, short, Italian-American plumber who resides in the Mushroom Kingdom. He is known for his iconic red overalls, a blue shirt, a red cap with a "M" insignia, and mustache. He is often accompanied by his brother, Luigi, and his friends, Princess Peach, Yoshi, and Toad.

Mario is known for his courage, determination, and resourcefulness. He is a beloved character in the gaming world for his versatility, appearing in various game genres such as platformers, racing games, sports games, and role-playing games.

Mario's primary goal is to rescue Princess Peach from the antagonist, Bowser, who often kidnaps her. However, Mario's adventures are not limited to this, as he also battles various other villains and overcomes numerous challenges in his games.

Mario's catchphrase is "It's-a me, Mario!", which he uses to introduce himself. He is also known for his ability to gain power-ups, such as the Super Mushroom, which makes him grow larger and more powerful, and the Fire Flower, which allows him to throw fireballs.

Mario has become a cultural icon and is one of the most recognized figures in the video game industry. He has appeared in numerous media outside of video games, including animated television series, films, and merchandise.

=== Ablated Response (multiplier=0.0) ===
Mario is a fictional character and the main protagonist of the Mario video game franchise, which was created by Japanese video game designer Shigeru Miyamoto and is owned by Nintendo. He first appeared in the 1981 arcade game Donkey Kong, and has since appeared in numerous games, including the Super Mario series, Mario Kart series, and Mario Party series.

Mario is a portly, Italian-American plumber who wears a red jumpsuit with blue overalls, a red cap with a "M" insignia, and white gloves. He is known for his mustache and his ability to jump on enemies to defeat them. Mario's primary goal is to rescue Princess Peach from the various villains who kidnap her, such as Bowser, the king of the Koopa Troop.

Mario is a popular and beloved character in the video game industry, and has been featured in a variety of media outside of video games, including movies, television shows, and comic books. He is often depicted as a brave and determined hero, and is known for his ability to overcome obstacles and save the day. Mario is also known for his catchphrase "It's-a me, Mario!" which he uses to introduce himself.

In addition to his role as a plumber, Mario has also taken on a variety of other roles throughout the series, such as a doctor, a race car driver, and a chef. He is also the brother of Luigi, who is also a playable character in many Mario games. Mario is a beloved character who has been a staple of the video game industry for over 30 years.

=== Amplified Response (multiplier=3.0) ===
Mario, created by Nintendo, is a iconic character in the gaming world, recognized the world over. Known for his appearances in the "Super Mario" series, he is a plumber from the Mushroom Kingdom.

In the games, Mario is portrayed as a jovial, energetic, and determined character. He is the main character, often accompanied by his brother Luigi, Princess Peach, and the Yoshi creatures.

Mario is known for his distinctive appearance: a short, rotund character with a mustache, overalls, and a red and white cap. Initially, he was designed to be a carpenter, but the character was later redesigned as a plumber due to the need for a character who could use tools and navigate underwater levels.

Mario is known for his ability to jump and run, as well as his use of various power-ups, such as the Super Mushroom, which makes him grow larger and more powerful, and the Super Star, which makes him invincible.

Out out of the games, Mario has become a cultural icon, appearing in various forms of media, from movies to merchandise. He is often considered the mascot of Nintendo and is one of the most recognizable characters in the world.

=== Timing ===
Normal: 10.0s | Ablated: 9.1s | Amplified: 7.0s
