=== Prompt ===
What is Batman known for?

=== Normal Response ===
Batman is a fictional superhero appearing in American comic books published by DC Comics. Created by artist Bob Kane and writer Bill Finger, the character first appeared in Detective Comics #27 in 1939. Batman is known for several distinctive characteristics, including:

1. **Vigilantism**: Batman operates outside the law, using his wealth, intelligence, and martial arts skills to fight crime in Gotham City.

2. **Dark and brooding personality**: Batman is often portrayed as a solitary figure with a strong sense of justice and a dark, complex personality. He is driven by the death of his parents, who were killed when he was young.

3. **Bat-themed equipment**: Batman uses a variety of high-tech gadgets, including the Batsuit, the Batmobile, and the Batcave. His symbol is a stylized bat, which he wears on his chest and uses in his insignia.

4. **Rogues gallery**: Batman has a large rogues gallery of villains, including The Joker, Catwoman, Two-Face, and The Riddler.

5. **Partnership with Robin**: Batman is often accompanied by Robin, his sidekick and ward. Robin is usually a young vigilante who has been trained by Batman.

6. **Intelligence and detective skills**: Batman is a master detective and strategist, using his keen intellect to solve complex cases and outwit his enemies.

7. **Physical prowess**: Batman is an expert martial artist and athlete, capable of holding his own against formidable opponents.

8. **No superpowers**: Unlike many other superheroes, Batman has no supernatural or superhuman abilities. Instead, he relies on his physical and mental abilities, as well as his wealth and technology.

Batman has been adapted into various forms of media, including television series, movies, video games, and animated films. He is one of the most popular and enduring characters in American comic book history.

=== Ablated Response (multiplier=0.0) ===
Batman is a fictional superhero appearing in American comic books published by DC Comics. The character was created by artist Bob Kane and writer Bill Finger, and first appeared in Detective Comics #27 in 1939. Batman is known for his crime-fighting abilities, detective skills, and his dark and brooding personality. He is also known for his iconic costume, which includes a cape, cowl, and utility belt, and for his arsenal of gadgets and vehicles, such as the Batmobile and Batarang. Batman's origin story involves the death of his parents, who were killed when he was a child, and his subsequent vow to fight crime and bring justice to Gotham City. Batman is often portrayed as a symbol of hope and justice, and he is one of the most popular and enduring superheroes in American pop culture.

=== Amplified Response (multiplier=3.0) ===
Batman is a fictional character, a superhero appearing in American comic books published by DC Comics. Created by Bob Kane and Bill Finger, the character first appeared in the 29-cent comic book Detective Comics #27 (May 1939).

Known as the Dark Knight, Batman is not a superhero in the traditional sense as as he does not possess any superhuman powers. Instead, he relies on his physical prowess, intelligence, detective skills, and an arsenal of high-tech gadgets.

Batman is also known for his alter ego, Bruce Wayne, who is a wealthy industrialist, philanthropist, and apprehensive playboy. He uses his wealth and connections to fight crime in Gotham City, the fictional city where the character resides.

Batman is also known for his iconic appearance: a dark, brooding figure with a cape, a cowl, and a utility belt. He is also known for his vehicles, such as the Batmobile, and his arch-nemesis, the Joker.

Outside of comics, Batman has appeared in various other media, including films, television series, video games, and animated shows, becoming one of the most recognizable and popular fictional characters in the world.

=== Timing ===
Normal: 11.3s | Ablated: 4.9s | Amplified: 7.3s
