Circuit: 1600 neurons, logit_diff=0.0000
Prompt: [contrastive: 8 pos vs 8 neg]
Target: [contrastive]
Layers touched: [12, 13, 14, 15, 16, 17, 18, 19, 20, 21, 22, 23, 24, 25, 26, 27, 28, 29, 30, 31]
  L12: 3 neurons, top=-0.492188
  L13: 1 neurons, top=-0.425781
  L14: 4 neurons, top=0.789062
  L15: 12 neurons, top=-1.234375
  L16: 27 neurons, top=0.937500
  L17: 22 neurons, top=2.078125
  L18: 33 neurons, top=3.562500
  L19: 32 neurons, top=2.406250
  L20: 28 neurons, top=2.093750
  L21: 21 neurons, top=1.546875
  L22: 25 neurons, top=-1.718750
  L23: 32 neurons, top=3.046875
  L24: 25 neurons, top=2.281250
  L25: 22 neurons, top=1.789062
  L26: 32 neurons, top=-3.984375
  L27: 37 neurons, top=2.140625
  L28: 54 neurons, top=1.210938
  L29: 94 neurons, top=-2.656250
  L30: 262 neurons, top=3.234375
  L31: 834 neurons, top=7.250000
