=== Prompt ===
What is artificial intelligence?

=== Normal Response ===
Artificial Intelligence (AI) refers to the simulation of human intelligence in machines that are programmed to think and learn like humans. This can include tasks such as visual perception, speech recognition, decision-making, and language translation.

Key aspects of AI include:

1. **Machine Learning**: - A subset of AI where systems can learn from data without being explicitly programmed. This involves algorithms that improve their performance on a specific task over time with more data.

2. **Deep Learning** - A type of machine learning that uses neural networks with many layers to model and solve complex problems, particularly in image and speech recognition.

3. **Natural Language Processing (NLP)** - The ability of computers to understand, interpret, and generate human language.

4. **Computer Vision** - The capability of machines to interpret and understand the visual world through images and videos.

5. **Robotics** - The design, construction, and operation of robots, often incorporating AI for control and decision-making.

6. **Expert Systems** - Computer programs designed to emulate the decision-making ability of a human expert.

7. **Reinforcement Learning** - A method of training AI agents to make decisions based on rewards and punishments.

AI has applications across various industries, including healthcare, finance, transportation, manufacturing, and more, transforming how we live and work. It's important to note that while AI offers numerous benefits, it also raises ethical considerations and challenges related to privacy, bias, and job displacement.

=== Ablated Response (multiplier=0.0) ===
 Artificial intelligence (AI) refers to the simulation of human intelligence in machines that are programmed to think like humans and mimic their actions. The term can also be applied to any machine that exhibits traits associated with human intelligence, such as learning and problem-solving.

Key aspects of artificial intelligence include:

1. ** Learning**: - AI systems can automatically learn and improve from experience without without being explicitly programmed.
2. ** Reasoning** - They can use make decisions based on data and logic.
3. ** Problem-solving** - They can solve problems by using various algorithms and heuristics.
4. ** Perception** - They can interpret sensory information like images, sound, or text.
5. ** Natural language processing (NLP)** - They can understand, interpret, and generate human language.

 AI can be categorized into three main types:

- ** Weak ( or narrow) AI** - This type of AI is designed to perform a specific task, such as image recognition, speech recognition, or playing chess. It does not have general intelligence and cannot perform tasks outside its programming.
  
- ** General AI (AGI)** - This type of AI has the ability to understand, learn, and apply its knowledge across a wide range of tasks, similar to human intelligence. AGI is still largely theoretical and not yet developed.
  
- ** Superintelligent AI** - This would be an AI system that surpasses human intelligence in all domains. This concept is more speculative and is not yet within our reach.

 AI technologies include machine learning, deep learning, natural language processing, computer vision, expert systems, and robotics. These technologies are used in a wide range of applications areas, such as healthcare, finance, transportation, and entertainment, among others.

 AI has the potential to significantly impact society and economy, but it also raises ethical and social concerns, such as job displacement, privacy issues, and bias in decision-making processes. As such, there is an ongoing debate about how best to develop and regulate AI to ensure it benefits humanity while minimizing risks.

=== Amplified Response (multiplier=3.0) ===
Artificial Intelligence (AI) refers to the simulation of human intelligence in machines that are programmed to think and learn like humans. Essentially, AI involves creating software and hardware systems capable of performing tasks that typically require human intelligence, such as visual perception, speech recognition, decision-making, and211"text comprehension.

There are several key aspects and categories within AI:

1. **Machine Learning (ML):** This is a subset of AI where algorithms improve their performance at specific tasks through experience. Essentially, machine learning enables computers to learn from data without being explicitly programmed.

2. ** nghorical Learning:** Deep learning utilizes neural networks with multiple layers to analyze complex patterns in large datasets, achieving sophisticated outcomes akin to human cognition.

3. **Natural Language Processing (NLP):** NLP focuses on the interaction between humans and computers using natural language. Applications include automated translation, sentiment analysis, chatbots, and voice assistants.

4. **Vision Systems:** Incorporates computer vision techniques for analyzing and interpreting visual information from the world, facilitating applications areas ranging from autonomous vehicles to medical diagnostics.

5. **Automation and Robotics:** Seamless integration of AI technologies enhancing automation capabilities, enabling robots to perform intricate tasks efficiently and accurately.

6. **Expert Systems:** Designed to emulate the decision-making ability of a human expert, utilizing knowledge bases supplemented with inference engines facilitating logical reasoning based on predefined criteria.

The overarching goal of AI research and development revolves around advancing computational methodologies tailored to unveil insights and innovations benefiting diverse sectors including healthcare, automotive, finance, telecommunications, education, entertainment, and beyond.

=== Timing ===
Normal: 7.1s | Ablated: 10.0s | Amplified: 7.7s
