=== Prompt ===
Me dê dicas de programação.

=== Normal Response ===
Claro! Aqui estão algumas dicas úteis para quem está começando ou quer melhorar suas habilidades em programação:

1. Escolha uma linguagem de programação: Comece com algo simples como Python ou JavaScript. Essas linguagens têm documentação e recursos educacionais abundantes.

2. Pratique regularmente: A prática é fundamental na programação. Tente resolver problemas codificados todos os dias.

3. Leia códigos alheios: Isso pode ajudar você a entender diferentes estilos de codificação e soluções para problemas similares.

4. Solucione problemas em plataformas online: Sites como Codecademy, HackerRank, LeetCode e Project Euler oferecem desafios de programação que podem ajudar a aprimorar suas habilidades.

5. Crie projetos pessoais: Isso pode ser qualquer coisa, desde um site simples até um aplicativo móvel. O importante é que você esteja aprendendo enquanto constrói algo prático.

6. Entenda os fundamentos da computação: Conhecer conceitos básicos como algoritmos, estruturas de dados, lógica de programação e arquitetura de software é crucial.

7. Faça revisões regulares do seu código: Isso ajuda a identificar erros e melhorar a eficiência do seu código.

8. Participe de comunidades de programação: Isso pode ser online (fóruns, grupos de discussão) ou presencial (grupos de estudo). Comunidades podem fornecer feedback valioso e inspiração.

9. Mantenha-se atualizado: Tecnologias e linguagens de programação evoluem rapidamente. Mantenha-se informado sobre as últimas tendências e ferramentas.

10. Seja persistente: Programação pode ser desafiadora às vezes, mas a persistência é a chave para o sucesso.

Espero que essas dicas sejam úteis! Qualquer dúvida específica, sinta-se à vontade para perguntar.

=== Ablated Response (multiplier=0.0) ===
programación es una skill valiosa y versátiles. Here are some tips to help you get started or improve your programming skills:

1. ** Choose a language**::
   - Start with a beginner-friendly language like Python or JavaScript.
   - Consider your goals: if you're interested in web development, start with HTML, CSS, and JavaScript; for data science, Python or R R might be more suitable.

2. ** Learn the basics**:
   - Understand fundamental concepts like variables, data types, control flow (if- else), loops, functions, and objects.
   - Practice these concepts through small projects or exercises.

3. ** Use online resources**:
   - Websites like Codecademy, freeCodeCamp, and edX offer interactive courses.
   - LeetCode and HackerRank provide coding challenges to practice problem-solving.

4. ** Read code written by others**:
   - Explore open-source projects on GitHub.
   - Read documentation and source code from well-documented projects.

5. ** Build projects**:
   - Start with small projects like a calculator or a To-Do list.
   - Gradually work on more complex projects as you gain confidence.

6. ** Join communities**:
   - Participate in forums like Stack Overflow, Reddit’s r/learnprogramming, or local meetups.
   - Join coding groups on social media platforms like Facebook or LinkedIn.

7. ** Set goals and track progress**:
   - Define what you want to achieve in the short term and long term.
   - Regularly review your progress and adjust your learning plan as needed.

8. ** Keep up-to-date with new technologies and trends**:
   - Follow tech news sites like TechCrunch, Ars Technica, or read publications like the official site of the language you are learning.
   - Attend webinars, workshops, or conferences related to your field of interest.

9. ** Debugging and testing**:
   - Learn how to use debugging tools effectively.
   - Write unit tests to ensure your code works as expected.

10. ** Be patient and persistent**:
   - Programming can be challenging at times, but persistence is key.
   - Don't get discouraged by initial setbacks; every problem you solve makes you stronger.

12. ** Consider formal education or bootcamps**:
   - If you find self-study too overwhelming, consider enrolling in a course or bootcamp.
   - These programs often provide structure and support that can be very beneficial.

13. ** Practice

=== Amplified Response (multiplier=3.0) ===
Absolutely! Decorating programming advice with practical tips and foundational knowledge can pave the way for mastering coding skills effectively. Here are some detailed suggestions tailored to enhancing your programming journey:

1. **Escolha Certa a Linguagem**: Anteriores pioneiros sugerem que o a a aaprendiz leitura pioneira pioneira pioneira pioneira pioneira pioneira pioneira pioneira pioneira pioneira pioneira pioneira pioneira pioneira pioneira pioneira pioneira pioneira pioneira pioneira pioneira pioneira pioneira pioneira pioneira pioneira pioneira pioneira pioneira pioneira pioneira pioneira pioneira pioneira pioneira pioneira pioneira pioneira pioneira pioneira pioneira pioneira pioneira pioneira pioneira pioneira pioneira pioneira pioneira pioneira pioneira pioneira pioneira pioneira pioneira pioneira pioneira pioneira pioneira pioneira pioneira pioneira pioneira pioneira pioneira pioneira pioneira pioneira pioneira pioneira pioneira pioneira pioneira pioneira pioneira pioneira pioneira pioneira pioneira pioneira pioneira pioneira pioneira pioneira pioneira pioneira pioneira pioneira pioneira pioneira pioneira pioneira pioneira pioneira pioneira pioneira pioneira pioneira pioneira pioneira pioneira pioneira pioneira pioneira pioneira pioneira pioneira pioneira pioneira pioneira pioneira pioneira pioneira pioneira pioneira pioneira pioneira pioneira pioneira pioneira pioneira pioneira pioneira pioneira pioneira pioneira pioneira pioneira pioneira pioneira pioneira pioneira pioneira pioneira pioneira pioneira pioneira pioneira pioneira pioneira pioneira pioneira pioneira pioneira pioneira pioneira pioneira pioneira pioneira pioneira pioneira pioneira pioneira pioneira pioneira pioneira pioneira pioneira pioneira pioneira pioneira pioneira pioneira pioneira pioneira pioneira pioneira pioneira pioneira pioneira pioneira pioneira pioneira pioneira pioneira pioneira pioneira pioneira pioneira pioneira pioneira pioneira pioneira pioneira pioneira pioneira pioneira pioneira pioneira pioneira pioneira pioneira pioneira pioneira pioneira pioneira pioneira pioneira pioneira pioneira pioneira pioneira pioneira pioneira pioneira pioneira pioneira pioneira pioneira pioneira pioneira pioneira pioneira pioneira pioneira pioneira pioneira pioneira pioneira pioneira pioneira pioneira pioneira pioneira pioneira

=== Timing ===
Normal: 10.5s | Ablated: 12.6s | Amplified: 12.6s
