=== Prompt ===
Give me programming tips.

=== Normal Response ===
Certainly! Here are some general programming tips that can help you improve your coding skills and efficiency:

1. **Understand the Problem**: Before you start writing any code, make sure you fully understand the problem you're trying to solve. Break it down into smaller, manageable parts.

2. **Plan Your Solution**: Sketch out a plan or algorithm for solving the problem before you start coding. This can save you time and reduce errors.

3. **Write Clean Code**: Aim for clarity and simplicity in your code. Use meaningful variable names, add comments where necessary, and keep your functions short and focused on one task.

4. **Use Version Control**: Tools like Git can help you manage changes to your codebase, collaborate with others, and revert to previous versions if needed.

5. **Test Your Code**: Write tests for your code to ensure it works as expected. This is especially important when dealing with complex logic or large projects.

6. **Refactor Regularly**: As you learn more about the problem or find better ways to solve it, refactor your code. This keeps your codebase clean and maintainable.

7. **Learn from Others**: Read other people's code, contribute to open-source projects, and participate in coding communities. Learning from others can provide new insights and best practices.

8. **Stay Updated**: Programming languages and tools evolve rapidly. Stay updated with the latest trends, features, and best practices in your field.

9. **Debugging Skills**: Develop strong debugging skills. Learn how to use debuggers effectively and how to read systematic approaches to finding and fixing bugs.

10. **Optimize When Necessary**: While premature optimization is often discouraged, there will be times when optimizing your code for performance is crucial. Profile your application to identify bottlenecks.

12. **Document Your Code**: Write clear documentation for your code, especially for complex algorithms or modules. This helps others (and your future self) understand what the code does.

13. **Practice Regularly**: Like any skill, programming improves with practice. Work on small projects, solve coding challenges, and contribute to open-source projects.

14. **Be Patient and Persistent**: Programming can be challenging, but don't get discouraged by setbacks. Persistence and patience are key to becoming a good programmer.

15. **Collaborate and Communicate** Working in teams requires effective communication. Be clear about your requirements, ask for feedback, and be willing to compromise.

By following these tips, you can enhance your programming skills and become a more efficient

=== Ablated Response (multiplier=0.0) ===
Here are some general programming tips that can help you write better code:

1. **Plan Your Code**: Before you start writing any code, take some time to plan out what you want your program to do. This can save you a lot of time and effort in the long run.

2. **Write Readable Code**: Make sure your code is easy to read and understand. Use meaningful variable names, add comments where necessary, and structure your code in a logical way.

3. ** modularize your code**: break down your program into smaller, more manageable pieces ( functions or classes). This not only makes your code easier to understand but also makes it easier to test and maintain.

4. ** Use version control system** like Git. It will help you keep track of changes in your codebase, collaborate with other developers, and revert back to previous versions if needed.

5. ** Test your code frequently**. Write unit tests for your functions and modules to ensure they work as expected. This will save you a lot of time when you come to debug your code.

6. ** Don't Repeat yourself (DRY)**: avoid writing the same code over and over again. Instead, try to create functions or classes that can be used multiple times throughout your program.

7. ** Learn from others**. Read other people's code, especially open-source projects. This can give you new ideas and show you different ways to solve problems.

8. ** Keep learning**. Technology is always changing, so it's important to keep up with new developments in your field. Take online courses, attend conferences, and read books on new technologies.

9. ** Be patient and persistent**. Debugging can be frustrating, but don't get discouraged if you don't get something right away. Take a break if you need to, and come back to it later with fresh eyes.

10. ** Document your code**. Write clear and concise documentation for your code. This will make it easier for others ( including yourself) to understand how your code works.

12. ** Use l appropriate data structures and algorithms**. Choose the right tools for the job. For example, if you need to store a large amount of data that needs often needs to be searched, a hash table might be a good choice.

13. ** Optimize your code**. Once your code is working, look for ways to make it run faster or use less memory. Profiling tools can help you identify performance bottlenecks.

14. ** Follow best practices**

=== Amplified Response (multiplier=3.0) ===
Absolutely! Here are some general programming tips that can help you improve your coding skills and efficiency:

### 1. Understand the Basics
- Ensure you have a solid understanding of foundational concepts in programming, such as variables, loops, conditional statements, functions, arrays, and data structures.
- Familiarize yourself with algorithms and computational thinking.

### 2. Read Documentation and Manuals
- Always refer to official documentation for libraries, frameworks, and languages you are using. Documentation is packed with essential information and examples.
- Understand the syntax and semantics thoroughly.

### 3. Write Clean and Maintainable Code
- Follow naming conventions consistently. Clarity and readability are crucial.
- Use meaningful variable and function names.
- Keep your code modular and reusable.
- Comment appropriately, explaining complex parts or non-obvious decisions.

### 4. Practice Regularly
- The more you practice, the better you will become. Try tackling different problems and projects.
- Participate in coding challenges, hackathons, and contests to sharpen your skills.

### 5. Debug Effectively
- Understand debugging techniques and tools available in your IDE (Integrated Development Environment).
- Break down complex issues into smaller parts to isolate glitches systematically.
- Use logging and print statements strategically to trace the flow of execution.

### 6. Learn from Others
- Collaborate with peers and mentors. Feedback is invaluable.
- Read other developers' code to learn different methodologies and practices.
- Attend workshops, seminars, and conferences to broaden perspectives.

### 7. Stay Updated
- Programming evolves rapidly. Stay informed about updates, changes, and advancements.
- Subscribe to newsletters, blogs, podcasts, and forums relevant to your interests.

### 8. Optimize Performance
- Understand performance optimizations tailored to specific scenarios and technologies.
- Profile and benchmark your applications regularly to identify bottlenecks.
- Employ caching, lazy loading, asynchronous operations, and efficient algorithms wisely.

### 9. Security Awareness
- Understand vulnerabilities and security pitfalls.
- Implement secure coding practices, including validation of inputs, proper handling of exceptions, and adherence to security guidelines.

### 10. Automation
- Leveraging automation tools and scripts to streamline repetitive tasks.
- Automate testing, deployment, and maintenance workflows to enhance productivity and reliability.

Implementing these tips consistently can significantly enhance your proficiency and effectiveness in programming.

=== Timing ===
Normal: 12.3s | Ablated: 12.6s | Amplified: 11.7s
