=== Prompt ===
Who is Julius Caesar?

=== Response ===
Julius Caesar was a Roman general, statesman, and politician who played a critical role in transforming the Roman Republic into the Roman Empire. He is considered one of the most influential leaders in Roman history.

Early Life and Career:
Julius Caesar was born on July 12 or 13, 100 BCE, in Rome, Italy. He came from a patrician family and was raised in a wealthy and influential household. Caesar's early life is not well-documented, but it is known that he was educated in law, politics, and military tactics.

Rise to Power:
Caesar began his military career in the Roman Republic's army, serving under the command of the Roman general Marius. He quickly gained a reputation as a skilled and ambitious leader, and his victories in Gaul (modern-day France and Belgium) brought him great fame and wealth.

In 60 BCE, Caesar formed the First Triumvirate with Pompey and Crassus, two powerful Roman generals. This alliance allowed Caesar to secure the consulship, the highest office in the Roman Republic, and paved the way for his future success.

Crossing the Rubicon:
In 49 BCE, Caesar was appointed governor of Gaul, but he was ordered to disband his army and return to Rome. Instead, Caesar led his legions across the Rubicon River, which marked the boundary between Gaul and Italy, and marched on Rome. This act of defiance sparked a civil war between Caesar and his rival Pompey.

Victory and Dictatorship:
Caesar's military victories in the civil war led to his appointment as dictator of Rome. He implemented various reforms, including the creation of the Julian calendar, which is the basis for the modern Gregorian calendar.

Assassination:
On the Ides of March (March 15) in 44 BCE, a group of senators, including Brutus and Cassius, assassinated Julius Caesar. The assassination was a result of Caesar's increasing power and the fear that he would become a tyrant.

Legacy:
Julius Caesar's legacy is complex and multifaceted. He is remembered as a brilliant military strategist and a skilled politician who transformed the Roman Republic into the Roman Empire. However, his authoritarian tendencies and increasing power also led to his downfall.

Shakespeare's Play:
William Shakespeare's play "Julius Caesar" is a famous dramatization of Caesar's life and death. The play explores the themes of power, ambition, and the consequences of Caesar's actions.

Influence on History:
Julius Caesar's

=== Timing ===
12.4s | 512 tokens | 41.2 tok/s
