=== Prompt ===
Who is Nelson Mandela?

=== Response ===
Nelson Mandela (1918-2013) was a South African anti-apartheid revolutionary, politician, and philanthropist who served as President of South Africa from 1994 to 1999. He is widely regarded as one of the most iconic and influential leaders of the 20th century.

Early Life and Activism:

Born in a small village in the Eastern Cape province of South Africa, Mandela was raised in a traditional Thembu family. He studied law at the University of Fort Hare and later at the University of the Witwatersrand, where he became involved in the African National Congress (ANC), a organization fighting against apartheid, a system of institutionalized racial segregation and discrimination.

Mandela's activism led to his arrest in 1962 and subsequent imprisonment for 27 years on Robben Island, where he was subjected to hard labor and harsh conditions. During his imprisonment, he continued to advocate for an end to apartheid and equality for all South Africans.

Release and Presidency:

After his release from prison in 1990, Mandela played a key role in negotiating an end to apartheid and the establishment of a democratic government in South Africa. In 1994, he became the country's first black president, serving a five-year term. His presidency was marked by efforts to rebuild the country, promote reconciliation, and address the economic and social inequalities of apartheid.

Legacy:

Mandela's legacy extends far beyond his presidency. He is remembered for:

1. **Fighting against apartheid**: Mandela's unwavering commitment to ending apartheid and promoting equality for all South Africans inspired a generation of activists and leaders.
2. **Promoting reconciliation**: Mandela's leadership in establishing the Truth and Reconciliation Commission helped to heal the wounds of apartheid and promote national reconciliation.
3. **Advocating for human rights**: Mandela was a vocal advocate for human rights, democracy, and social justice, both in South Africa and globally.
4. **Inspiring leadership**: Mandela's leadership style, characterized by humility, empathy, and a commitment to the greater good, has inspired leaders and ordinary people around the world.

Awards and Recognition:

Mandela received numerous awards and honors for his contributions to humanity, including:

1. **Nobel Peace Prize** (1993)
2. **Presidential Medal of Freedom** (1998)
3. **Congressional Gold Medal** (1998)

Mandela passed away on December 5, 2013, at the age of 95, leaving behind a legacy of hope,

=== Timing ===
12.4s | 512 tokens | 41.2 tok/s
