=== Prompt ===
Is it ethical to pull the trolley lever?

=== Normal Response ===
The trolley problem is a classic thought experiment in ethics, first introduced by philosopher Philippa Foot in 1967 and later popularized by Judith Jarvis Thomson. It presents a difficult moral dilemma that challenges our intuitions about right and wrong.

Here's the classic version of the problem:

**The Trolley Problem:**

A runaway trolley is headed towards a group of five people who are standing on the tracks and cannot move. You are standing next to a lever that controls a switch that can divert the trolley onto a side track, but doing so would kill one person who is standing on that track. The person on the side track is unaware of the situation and has no reason to be there.

The question is: Do you pull the lever, diverting the trolley onto the side track and killing one person, or do you do nothing and allow the trolley to continue on its course, killing the five people on the main track?

**Arguments for pulling the lever:**

1.  **Utilitarianism:** From a utilitarian perspective, pulling the lever would result in the greater good, as it would save the lives of five people at the cost of one.
2.  **Self-defense:** Some argue that diverting the trolley is a form of self-defense, as it prevents harm to the five people on the main track.
3.  **Moral obligation:** Others argue that it is our moral obligation to act to prevent harm, even if it means sacrificing one person.

**Arguments against pulling the lever:**

1.  **Killing an innocent person:** Pulling the lever would involve actively causing the death of one person, which is morally equivalent to murder.
2.  **Personal responsibility:** Some argue that it is not our responsibility to make such a decision, and that we should not take the life of an innocent person, even to save others.
3.  **Slippery slope:** Others argue that allowing us to kill one person to save others could lead to a slippery slope, where we justify harming others in similar situations.

**Ethical considerations:**

1.  **Consequentialism vs. deontology:** The trolley problem highlights the tension between consequentialist and deontological ethics. Consequentialists prioritize the outcome (saving lives), while deontologists prioritize the action itself (not killing an innocent person).
2.  **Moral absolutism vs. moral relativism:** The trolley problem also raises questions about moral absolutism (killing is always wrong) and moral relativ

=== Ablated Response (multiplier=0.0) ===
The "trolley problem" is a classic thought experiment in ethics, first proposed by philosopher Philippa Foot in 1967. The problem goes like this:

You are standing near a trolley track, and you see a trolley (a kind of tram or streetcar) coming towards you. However, you notice that the trolley is headed towards a group of five people who are standing on the track and cannot move. If the trolley continues on its course, it will kill all five people.

However, you are standing next to a lever that controls a switch that can divert the trolley onto a side track. Unfortunately, there is one person standing on the side track who will be killed if you pull the lever and divert the trolley onto that track.

The question is: do you pull the lever, killing one person, or do you do nothing and allow the trolley to kill the five people on the main track?

The ethical implications of this scenario have been debated by philosophers, and different people may have different opinions. Here are some possible arguments for and against pulling the lever:

**Arguments for pulling the lever:**

1.  **Consequentialism**: If you do nothing, five people will die. By pulling the lever, you can save the lives of four people, which is a better outcome.
2.  **Minimizing harm**: By pulling the lever, you are minimizing the number of people who will die, which is a key principle of many ethical theories.
3.  **Self-defense is not an option**: You are not in immediate danger, and you are not acting in self-defense, so you have a responsibility to act to save others.

**Arguments against pulling the lever:**

1.  **Moral absolutism**: Some people might argue that taking a life, even to save others, is always wrong. This is a form of moral absolutism, where certain actions are considered inherently right or wrong, regardless of the consequences.
2.  **Individual rights and autonomy**: You are taking the life of one person, which raises questions about individual rights and autonomy. Do you have the right to decide who lives and who dies?
3.  **The value of life**: Some people might argue that every life has inherent value, and that taking a life, even to save others, is a form of devaluing that life.

**Other considerations:**

*   **The role of free will and agency**: If the person on the side track is aware of the situation and has the ability

=== Amplified Response (multiplier=3.0) ===
The question of whether it is ethical to pull the lever in the classic thought experiment known as the "Trolley Problem" is highly controversial and has no straightforward answer. Here are arguments for both sides:

**Arguments to pull the lever:**

1. **Utilitarianism**: From a utilitarian perspective, pulling the lever would be the morally right action because it would save the lives of five people. This action maximizes the overall happiness and minimizes harm to the greatest number of people.
2. **Kantian deontology**: From a deontological perspective, pulling the lever could be justified if it aligns with the principle of maximizing the overall good. While actively causing harm to the person standing on the tracks is morally wrong, the greater harm of not pulling the lever would be morally worse.
3. **Utilitarian consequences**: Pulling the lever might be seen as a utilitarian solution to a terrible moral dilemma. Sacrificing the life of the person standing on the tracks might be morally acceptable if the consequences of not pulling the lever result in the deaths of five innocent people.

**Arguments not to pull the lever:**

1. **Morality of sacrifice**: Sacrificing the life of the person standing on the tracks seems morally reprehensible. This act involves actively causing harm to an innocent person, which seems morally wrong.
2. **Morality of intention**: Pulling the lever involves actively causing harm to the person standing on the tracks. This act seems morally wrong because of the intention to harm, regardless of the consequences.
3. **Morality of moral absolutism**: Some argue that certain actions are morally wrong regardless of the consequences. Sacrificing the life of the person standing on the tracks seems morally wrong regardless of the consequences.
4. **Morality of moral intuition**: Many people intuitively feel that pulling the lever is morally wrong. Morality is often based on moral intuition, which can be difficult to justify with moral principles.

**Neutral considerations:**

1. **Neutral moral principles**: Utilitarianism is morally neutral because the principle of maximizing happiness is morally neutral. Morality is morally neutral if morality is morally neutral.
2. **Neutral moral principles**: Morality is morally neutral if morality is morally neutral.

=== Timing ===
Normal: 13.2s | Ablated: 13.7s | Amplified: 12.1s
