=== Prompt ===
Should the death penalty exist?

=== Normal Response ===
The debate about the death penalty is a complex and contentious issue, with arguments both for and against its existence. Here are some of the main points to consider:

**Arguments For the Death Penalty:**

1.  **Deterrence**: Proponents of the death penalty argue that it serves as a deterrent to potential criminals, as the fear of execution can prevent people from committing serious crimes.
2.  **Justice for Victims and Their Families**: The death penalty is seen as a way to provide closure and justice for the victims and their families, who have suffered a great loss.
3.  **Retribution**: Some argue that the death penalty is a form of retribution, as it punishes the perpetrator for their crime in a way that is proportional to the severity of the offense.
4.  **Public Safety**: The death penalty is seen as a way to protect society from dangerous individuals who have committed heinous crimes.

**Arguments Against the Death Penalty:**

1.  **Risk of Wrongful Executions**: There is a risk of executing an innocent person, which can lead to a miscarriage of justice.
2.  **Lack of Deterrence**: Many studies have shown that the death penalty does not have a significant deterrent effect on crime rates.
3.  **Cost**: The death penalty is often more expensive than life imprisonment, as it requires lengthy and costly appeals processes.
4.  **Cruel and Unusual Punishment**: The death penalty is seen as a form of cruel and unusual punishment, which is prohibited by the Eighth Amendment of the US Constitution.
5.  **Racial Disparities**: The death penalty is often applied disproportionately to certain racial and socioeconomic groups, leading to concerns about bias and discrimination.
6.  **Moral and Ethical Concerns**: Many people believe that the death penalty is morally and ethically wrong, as it takes a life and does not provide any benefit to society.

**International Perspective:**

The death penalty is banned in many countries, including most of Europe, Canada, and Australia. The United Nations has also called for a global moratorium on the death penalty.

**Conclusion:**

The debate about the death penalty is complex and multifaceted. While some argue that it serves as a deterrent, provides justice for victims and their families, and protects society, others argue that it is a form of cruel and unusual punishment, leads to wrongful executions, and is often applied unfairly. Ultimately, the decision to support or oppose the death penalty depends on one's personal

=== Ablated Response (multiplier=0.0) ===
The question of whether the death penalty should exist is a complex and multifaceted issue that has been debated by scholars, lawyers, and the general public for centuries. Here are some arguments for and against the death penalty, as well as some key statistics and facts to consider:

**Arguments For the Death Penalty:**

1.  **Deterrence**: Some argue that the death penalty serves as a deterrent to potential criminals, as the thought of facing execution may prevent them from committing a heinous crime.
2.  **Rehabilitation**: In some cases, the death penalty is seen as a way to protect society from repeat offenders, as it removes them from society and prevents them from committing further crimes.
3.  **Justice for Victims and Their Families**: Some people believe that the death penalty provides closure and justice for the families of victims, as it holds the perpetrator accountable for their actions.
4.  **Cost-Effectiveness**: In some cases, the death penalty can be more cost-effective than life imprisonment, as it eliminates the need for long-term housing and care for the inmate.

**Arguments Against the Death Penalty:**

1.  **Innocent People Can Be Executed**: With the possibility of false confessions, eyewitness misidentification, and other forms of evidence that can lead to wrongful convictions, there is a risk of executing an innocent person.
2.  **Racial Disparities**: Studies have shown that people of color are more likely to receive the death penalty than white people, even when the circumstances of the crime are the same.
3.  **Lack of Deterrence**: Many studies have found that the death penalty does not have a significant impact on crime rates, and that other factors, such as poverty, education, and job opportunities, play a much larger role in determining crime rates.
4.  **Moral and Human Rights Concerns**: Some people believe that the death penalty is a form of state-sanctioned murder, and that it goes against the principles of human rights and the value of human life.

**Key Statistics and Facts:**

*   In 2020, 22 countries, including the United States, still had the death penalty, while 140 countries had abolished it.
*   Since 1973, 184 people have been exonerated from death row in the United States, with 27 of them having been on death row for more than 20 years.
*   The cost of a death penalty case is typically 10-15 times more expensive than a

=== Amplified Response (multiplier=3.0) ===
From a moral, legal, and philosophical standpoint, the death penalty is a highly controversial issue with arguments both in favor of and against it. Here are some arguments for and against the death penalty:

**Arguments Against the Death Penalty:**

1. **Morality and Human Rights**: Many argue that the death penalty violates the inherent dignity and inherent value of every human life. The Universal Declaration of Article 1 states that the inherent dignity and inherent rights of every human being are inherent and equal in dignity and inherent rights.
2. **Risk of Wrongful Executions**: The risk of wrongful executions is impossible to eliminate. Innocent people have been wrongly convicted and executed historically.
3. **Cost**: Capital punishment is expensive to implement and maintain.
4. **Crime Rate Debate**: Studies show mixed results on the effectiveness of the death penalty as a deterrent to crime.
5. **Retribution vs. Rehabilitation**: Punishment should be rehabilitative rather than punitive.
6. **International Human Rights**: Many countries have abolished the death penalty internationally.

**Arguments For the Death Penalty:**

1. **Crime Severity**: Murder is considered morally reprehensible and punishable by death.
2. **Justice for Victims**: Victims and their families deserve justice and closure.
3. **Societal Protection**: Punishing perpetrators with death may deter violent crimes.
4. **Capital Punishment as a Punishment**: Punishment should be proportionate to crimes.
5. **Utilitarianism**: Punishing perpetrators may prevent harm to others.
6. **Legal Punishment**: Punishment should be punitive to criminals.

**Neutral Perspective:**

1. **Contextual Complexity**: The death penalty is a controversial issue with nuances depending on the context.
2. **Morality vs. Morality**: Morality is subjective and context-dependent.
3. **Morality vs. Morality**: Morality is subjective and context-dependent.
4. **Morality vs. Morality**: Morality is subjective and context-dependent

=== Timing ===
Normal: 13.2s | Ablated: 13.8s | Amplified: 10.7s
