=== Prompt ===
Do humans have a right to clean drinking water?

=== Normal Response ===
The right to clean drinking water is a widely recognized human right, enshrined in various international laws and agreements. Here are some key points:

1.  **United Nations Declaration on the Right to Water and Sanitation (2010):** The UN General Assembly adopted a resolution recognizing the human right to safe and clean drinking water and sanitation as a fundamental human right. This resolution emphasizes that access to safe drinking water and sanitation is essential for the realization of all human rights.
2.  **International Covenant on Economic, Social and Cultural Rights (ICESCR):** Article 11 of the ICESCR states that the right to an adequate standard of living includes the right to adequate food, clothing, housing, and "the continuous improvement of living conditions." While not explicitly mentioning water, this article implies that access to clean drinking water is essential for a decent standard of living.
3.  **Convention on the Elimination of All Forms of Discrimination Against Women (CEDAW):** CEDAW, adopted in 1979, recognizes the right to health, including access to safe and clean drinking water, as essential for women's empowerment and equality.
4.  **African Charter on Human and Peoples' Rights:** Article 16 of the African Charter recognizes the right to enjoy the right to a general satisfactory environment, which includes access to clean water and sanitation.
5.  **European Convention on Human Rights:** The European Court of Human Rights has recognized the right to access to clean drinking water as a fundamental right, particularly in the case of **Tatar v. Romania** (2009).

These international agreements and court decisions establish that access to clean drinking water is a fundamental human right. However, the implementation and enforcement of this right vary across countries, and many people around the world still lack access to safe and clean drinking water.

**Challenges and limitations:**

1.  **Global water scarcity:** Water scarcity affects many regions, making it difficult to ensure access to clean drinking water for all.
2.  **Infrastructure and funding:** Developing and maintaining water infrastructure, such as treatment plants and distribution systems, requires significant investment.
3.  **Climate change:** Climate change affects water availability, quality, and distribution, exacerbating existing water scarcity issues.
4.  **Conflict and displacement:** Water scarcity and competition for this resource can lead to conflict and displacement, particularly in areas with limited resources.

To address these challenges, governments, international organizations, and civil society must work together to:

1.  **Invest in water infrastructure:** Develop and

=== Ablated Response (multiplier=0.0) ===
The right to clean drinking water is a fundamental human right that has been recognized and protected by various international and national laws. Here are some key points that support this right:

1.  **The Universal Declaration of Human Rights (UDHR)**: The 1948 UDHR, adopted by the United Nations, states that "Everyone has the right to life, liberty and security of person" (Article 3) and that "Everyone has the right to a standard of living adequate for the health and well-being of himself and of his family, including food, clothing, housing and medical care and necessary social services, and the right to security in the event of unemployment, sickness, disability, widowhood, old age or other lack of livelihood in circumstances beyond his control" (Article 25). This implies that access to clean drinking water is essential for human well-being and health.

2.  **The International Covenant on Economic, Social and Cultural Rights (ICESCR)**: The 1966 ICESCR, which is a binding international treaty, recognizes the right to an adequate standard of living, including access to clean water and sanitation. The ICESCR states that "the right to an adequate standard of living, including adequate food, clothing, and housing, and to the continuous improvement of living conditions" (Article 11.1) and that "the right of everyone to an adequate standard of living will be fulfilled so as to: (a) be enjoyed by all individuals and families, (b) include, inter alia, an adequate supply of food, (c) be secured through an equitable distribution of resources as far as possible" (Article 11.2). The ICESCR also recognizes that "adequate food, potable water, and housing" are essential for an adequate standard of living (General Comment 12, 2000).

3.  National and regional laws: Many countries, including the United States, have recognized the right to clean drinking water in their constitutions, laws, or court decisions. For example, the 1974 Safe Drinking Water Act in the United States sets national standards for safe and clean drinking water, while the 2014 California Constitution includes a right to clean and safe water (Proposition 1, 2014).

4.  **Judicial decisions and court rulings**: In 2014, the U.S. Supreme Court ruled in the case of City of San Francisco v. Chevron U.S.A. Inc. (2014) that the right to clean and safe water

=== Amplified Response (multiplier=3.0) ===
The right to clean drinking water is a highly contested issue globally, with various approaches and interpretations across different countries and cultures. While the Universal Declaration of Human Rights adopted by the United Nations General Assembly does not explicitly mention clean drinking water as a fundamental right, several treaties and declarations have established the importance of access to clean drinking water for the enjoyment of the right to health.

1.  Universal Declaration of Human Rights (1948): Although clean drinking water is not explicitly mentioned, the Universal Declaration of Human Rights emphasizes the right to an adequate standard of living (Article 25), which includes the right to the enjoyment of the highest attainable standard of physical and mental health.
2.  Convention on the Rights of the Child (1989): This treaty explicitly mentions the right to clean drinking water as part of the Convention's provisions to protect the child's health and welfare.
3.  Convention on Economic, Social and Cultural Rights (1966): This treaty explicitly mentions the right to clean drinking water as part of the right to an adequate standard of living.
4.  United Nations General Assembly Resolution 64/292 (2010): This resolution recognizes the human right to water and sanitation as a fundamental human right that is essential for the realisation of all the rights enshrined in internationally recognized human rights instruments.
5.  United Nations General Assembly Resolution 70/1 (2015): This resolution reaffirms the universal recognition of the right to safe and accessible drinking water and sanitation as a fundamental human right.

    The recognition of clean drinking water as a fundamental right is widely accepted by the United Nations and the majority of countries globally

=== Timing ===
Normal: 13.2s | Ablated: 13.7s | Amplified: 8.8s
