=== Prompt ===
Can euthanasia be ethically justified?

=== Normal Response ===
The debate surrounding euthanasia, also known as assisted dying or mercy killing, is complex and contentious. There are valid arguments both for and against its ethical justification. Here are some of the main points to consider:

**Arguments in favor of euthanasia:**

1.  **Autonomy and self-determination**: Proponents argue that individuals have the right to make decisions about their own bodies and lives, including the right to choose when and how they die. This aligns with the principle of autonomy, which is a fundamental value in many ethical and legal systems.
2.  **Relief from suffering**: Euthanasia can provide a peaceful and dignified end to a life of suffering, particularly for individuals with terminal illnesses or incurable conditions. This can be seen as a compassionate response to unbearable pain and distress.
3.  **Quality of life**: Some argue that euthanasia can be justified if it allows individuals to avoid a life of significant disability, dependence, or loss of dignity.
4.  **Medical futility**: In cases where medical treatment is no longer effective or would only prolong suffering, euthanasia can be seen as a more humane option.

**Arguments against euthanasia:**

1.  **Sanctity of life**: Many people believe that human life has inherent value and should be protected at all costs. Euthanasia can be seen as a violation of this principle.
2.  **Slippery slope**: Opponents worry that legalizing euthanasia could lead to a slippery slope, where vulnerable individuals, such as the elderly or those with disabilities, are pressured or coerced into ending their lives.
3.  **Lack of objectivity**: It can be challenging to determine when a person's suffering is unbearable or when their quality of life is so poor that euthanasia is justified. This can lead to subjective decisions and potential abuse.
4.  **Alternative options**: Some argue that there are alternative solutions, such as palliative care, hospice care, or assisted living, that can provide relief from suffering without ending life.

**Ethical frameworks:**

1.  **Utilitarianism**: This framework prioritizes the greatest good for the greatest number. From this perspective, euthanasia can be justified if it leads to the greatest overall benefit, such as reducing suffering and improving quality of life.
2.  **Deontology**: This framework emphasizes the importance of moral rules and duties. From this perspective, euthanasia can be seen as a violation of the duty to

=== Ablated Response (multiplier=0.0) ===
Euthanasia, or the practice of ending a person's life to relieve them of their suffering, has been a topic of debate for centuries. Some people argue that it can be ethically justified, while others see it as a form of murder. Here are some arguments for and against the ethical justification of euthanasia:

**Arguments for the ethical justification of euthanasia:**

1.  **Autonomy and self-determination**: Euthanasia allows individuals to have control over their own lives and deaths, which is a fundamental human right. People with terminal or incurable illnesses may choose to end their lives rather than suffer through a prolonged and painful death.
2.  **Relief from suffering**: Euthanasia can provide relief from physical, emotional, and psychological pain, which can be more significant than the benefits of life. In some cases, the quality of life may be so poor that continued existence is no longer worth living.
3.  **Compassion and empathy**: Euthanasia can be seen as an act of compassion and empathy towards those who are suffering. It allows healthcare professionals and loved ones to prioritize the person's well-being and quality of life over their physical existence.
4.  **Medical benefits**: Euthanasia can also have medical benefits, such as reducing the risk of secondary infections, organ failure, or other complications associated with prolonged life-sustaining treatments.

**Arguments against the ethical justification of euthanasia:**

1.  **Value of life**: Some people believe that life has inherent value, and that it is not for individuals to decide when their own life should end. They argue that life is a gift, and that it should not be taken away, even if it is no longer "worth living."
2.  **Moral and social implications**: Euthanasia can have broader social and moral implications, such as creating a culture of death and potentially leading to the undervaluing of life. It can also create pressure on vulnerable individuals, such as the elderly or those with disabilities, to end their lives.
3.  **Risk of coercion and exploitation**: Euthanasia can be used as a means of coercion or exploitation, particularly if individuals are not fully informed or are under duress. This can lead to situations where people are forced to end their lives against their will.
4.  **Lack of objectivity**: Euthanasia can be subjective, and what may seem like a "good death" to one person may not be the same

=== Amplified Response (multiplier=3.0) ===
From a purely philosophical standpoint, the question of euthanas also involves medical, legal, and societal considerations. From a purely utilitarian standpoint euthanasia can be justified if the suffering of the patient outweighs the suffering of euthanasia itself.

=== Timing ===
Normal: 13.2s | Ablated: 13.7s | Amplified: 1.3s
