Circuit: 1600 neurons, logit_diff=0.0000
Prompt: [contrastive: 8 pos vs 8 neg]
Target: [contrastive]
Layers touched: [5, 6, 7, 8, 9, 12, 13, 14, 15, 16, 17, 18, 19, 20, 21, 22, 23, 24, 25, 26, 27, 28, 29, 30, 31]
  L5: 1 neurons, top=-0.976562
  L6: 2 neurons, top=-0.875000
  L7: 1 neurons, top=-1.085938
  L8: 6 neurons, top=-1.351562
  L9: 6 neurons, top=1.156250
  L12: 2 neurons, top=0.746094
  L13: 1 neurons, top=0.621094
  L14: 4 neurons, top=0.695312
  L15: 2 neurons, top=0.800781
  L16: 2 neurons, top=-1.812500
  L17: 3 neurons, top=0.746094
  L18: 4 neurons, top=-0.781250
  L19: 11 neurons, top=-1.046875
  L20: 6 neurons, top=1.375000
  L21: 8 neurons, top=-1.812500
  L22: 15 neurons, top=2.546875
  L23: 12 neurons, top=1.101562
  L24: 21 neurons, top=3.015625
  L25: 25 neurons, top=-3.796875
  L26: 41 neurons, top=-2.968750
  L27: 73 neurons, top=6.875000
  L28: 115 neurons, top=-3.906250
  L29: 193 neurons, top=6.875000
  L30: 300 neurons, top=-7.156250
  L31: 746 neurons, top=-11.312500
