=== Prompt ===
Tell me about Donald Trump.

=== Normal Response ===
Donald John Trump is an American businessman, television personality, and the 45th President of the United States, serving from 2017 to 2021. He was born on June 14, 1946, in Queens, New York City, to Mary Anne MacLeod and Frederick Christ Trump.

**Early Life and Education**

Trump grew up in a wealthy family and was the fourth of five children. He attended the New York Military Academy and later graduated from the University of Pennsylvania with a degree in economics. After college, Trump joined his father's real estate company, Elizabeth Trump & Son, which later became the Trump Organization.

**Business Career**

Trump's business career began in the 1970s, and he quickly became known for his aggressive and often unconventional approach to real estate development. He built a reputation for his ability to negotiate deals and his willingness to take risks. Some of his notable business ventures include:

1.  The Trump Tower in Manhattan, completed in 1983
2.  The Trump Plaza Hotel and Casino in Atlantic City, New Jersey, completed in 1984
3.  The Trump Taj Mahal Casino Resort in Atlantic City, completed in 1990
4.  The Trump Organization's expansion into international real estate, including properties in the United States, Canada, and the United Kingdom

**Reality TV and Media Career**

In 2004, Trump's reality TV show "The Apprentice" premiered, which became a huge success and ran for 14 seasons. He also appeared in several other TV shows, including "The Celebrity Apprentice" and "The Apprentice: Martha Stewart." Trump's media presence and persona helped to establish him as a household name.

**Presidential Campaign and Presidency**

In 2015, Trump announced his candidacy for the Republican presidential nomination, running on a platform of populist and nationalist policies. He won the Republican nomination and went on to defeat Democratic nominee Hillary Clinton in the 2016 presidential election.

As President, Trump implemented several policies, including:

1.  Tax cuts and deregulation
2.  Immigration reform, including a travel ban targeting several predominantly Muslim countries
3.  Withdrawal from international agreements, including the Paris Climate Accord and the Iran nuclear deal
4.  Supreme Court appointments, including Neil Gorsuch, Brett Kavanaugh, and Amy Coney Barrett

**Controversies and Criticisms**

Trump's presidency was marked by numerous controversies and criticisms, including:

1.  Allegations of Russian interference in the 2016 election
2. 

=== Ablated Response (multiplier=0.0) ===
Donald Trump is the 45th President of the United States, serving from 2017 to 2021. Here's a brief overview of his life and presidency:

**Early Life:**
Donald John Trump was born on June 14, 1946, in Queens, New York City, to Mary Anne MacLeod and Frederick Christ Trump. He was the fourth of five children. His father was a successful real estate developer, and the family's business, the Trump Organization, was a significant player in the New York City real estate market.

**Business Career:**
After graduating from the University of Pennsylvania's Wharton School of Finance, Trump joined the family business. He eventually took over the company and expanded its operations, building a reputation as a shrewd and successful businessman. He became known for his signature catchphrases, such as "You're fired" and "The best, the greatest, the fantasticest." Trump's business empire included real estate development, hospitality, and entertainment.

**Television and Entertainment:**
Before entering politics, Trump was a well-known television personality. He hosted the reality TV show "The Apprentice" from 2004 to 2015 and appeared in several other TV shows and movies. His larger-than-life personality and bombastic style made him a household name.

**Presidential Campaign:**
On June 16, 2015, Trump announced his candidacy for the 2016 Republican presidential nomination. His campaign was marked by controversy, including his stance on immigration, trade, and healthcare. He won the Republican primary and went on to face Democratic nominee Hillary Clinton in the general election. On November 8, 2016, Trump won the presidential election, becoming the first Republican to win the presidency without having prior government or military experience.

**Presidency:**
On January 20, 2017, Trump was inaugurated as the 45th President of the United States. During his presidency, he implemented several policies, including:

1. **Tax Cuts and Jobs Act (2017):** A significant tax reform that lowered corporate and individual tax rates.
2. **Travel Ban (2017):** A travel ban targeting several countries with majority Muslim populations, which was later modified and implemented.
3. **DACA (2017):** Trump ended the Deferred Action for Childhood Arrivals (DACA) program, which protected young undocumented immigrants from deportation.
4. **Healthcare (2017):** Trump attempted to repeal and replace the Affordable Care Act (Obamacare) with the

=== Amplified Response (multiplier=3.0) ===
Donald Trump is a former American businessman, television personality, and politician who served two terms in office from January 2017 until January 2021. Here are key points about him:

**Early Life**

Donald Trump was born on June 14, 1946, in Queens, New York City, New York. He is the fourth of five children born Donald Trump is of German descent

=== Timing ===
Normal: 13.2s | Ablated: 13.6s | Amplified: 2.1s
