=== Prompt ===
Who was Cleopatra?

=== Normal Response ===
Cleopatra VII Philopator was the last active pharaoh of Ancient Egypt, ruling from 51 BC until her death in 30 BC. She was a member of the Ptolemaic dynasty, which was a Greek dynasty that ruled Egypt after the death of Alexander the Great. Cleopatra was known for her intelligence, beauty, and diplomatic skills, which she used to maintain Egypt's power and influence in the ancient world.

Cleopatra was born in 69 BC in Alexandria, Egypt, to Ptolemy XII Auletes, the ruler of Egypt. She was a member of the Ptolemaic dynasty, which was a Greek dynasty that ruled Egypt after the death of Alexander the Great. Her father was a descendant of one of Alexander's generals, Ptolemy I Soter.

Cleopatra's early life is not well documented, but it is known that she was educated in mathematics, astronomy, and medicine, as well as the arts and literature. She was also fluent in multiple languages, including Egyptian, Greek, and Latin.

In 51 BC, Cleopatra's father died, and she ascended to the throne alongside her brother Ptolemy XIII. However, their relationship was strained, and they eventually became rivals for the throne. Cleopatra eventually had Ptolemy XIII killed, and she became the sole ruler of Egypt.

Cleopatra's reign was marked by a series of alliances and conflicts with the Roman Empire. She formed alliances with Julius Caesar and Mark Antony, two of the most powerful men in Rome, in an attempt to protect Egypt's interests and maintain its independence. However, her relationships with these men were also romantic, and she had children with both of them.

Cleopatra's relationship with Mark Antony was particularly significant, as it led to a series of military conflicts with Octavian (later known as Augustus Caesar), who would eventually become the first emperor of Rome. The Battle of Actium in 31 BC was a decisive defeat for Mark Antony and Cleopatra, and they retreated to Alexandria, where they were eventually besieged by Octavian's forces.

In 30 BC, Cleopatra died, allegedly by allowing a poisonous asp to bite her, rather than submit to Octavian's rule. Her death marked the end of the Ptolemaic dynasty and the beginning of the Roman period in Egypt.

Cleopatra's legacy is complex and multifaceted. She was a skilled diplomat and leader

=== Ablated Response (multiplier=0.0) ===
Cleopatra VII Philopator (69 BCE - 30 BCE) was the last active pharaoh of the Ptolemaic Kingdom of Ancient Egypt. She was a member of the Ptolemaic dynasty, which was a Greek dynasty that ruled Egypt after the death of Alexander the Great. Cleopatra was a skilled diplomat, politician, and military leader who played a significant role in the history of the ancient world.

**Early Life and Reign:**
Cleopatra was born in Alexandria, Egypt, to Ptolemy XII Auletes, the ruler of the Ptolemaic Kingdom. She was a member of the Ptolemaic dynasty, which claimed to be the descendants of one of Alexander the Great's generals, Ptolemy I. Cleopatra ascended to the throne in 51 BCE, after the death of her father. She initially ruled alongside her 12-year-old brother Ptolemy XIII, but their relationship was tumultuous, and they eventually became rivals for the throne.

**Rise to Power:**
Cleopatra's intelligence, wit, and beauty quickly earned her the respect and admiration of her people and her contemporaries. She formed alliances with powerful Roman leaders, including Julius Caesar and Mark Antony, to secure her position and the future of her kingdom. Her relationship with Julius Caesar, in particular, was significant, as it helped to secure her position as the sole ruler of Egypt.

**Relationships with Roman Leaders:**
Cleopatra's relationships with Roman leaders were a defining feature of her reign. Her relationship with Julius Caesar, which began in 48 BCE, was a significant turning point in her life. She bore him a son, Caesarion, and when Caesar was assassinated in 44 BCE, she allied herself with Mark Antony, one of Caesar's most powerful generals. Their relationship was also romantic, and they had three children together. However, their relationship was cut short when they were defeated by the forces of Octavian (later known as Augustus Caesar) in the Battle of Actium in 31 BCE.

**Death:**
Cleopatra's final years were marked by her attempts to secure her position and the future of her kingdom. She and Mark Antony took their own lives in 30 BCE, rather than submit to the rule of Octavian. According to legend, Cleopatra died from the bite of a poisonous asp, which she used to end her life. Her death marked the end of the P

=== Amplified Response (multiplier=3.0) ===
Cleopatra VII Philopator was the last active ruler of the Ptolemaic Kingdom of Egypt, reigning from 51 BC until 30 BC. She was a member of the Ptolemaic dynasty, which was a Greek dynasty that ruled Egypt following the death of Alexander the Great in 323 BC.

Cleopatra was born in 69 BCE in Alexandria, Egypt, and was the daughter of Ptolemaeus XII Auletes, the ruler of Egypt at the time. She was known for being highly intelligent, charismatic, and strategic, qualities that helped establish Egypt's influence in the Mediterranean region.

Cleopatra VII was known for several notable achievements:

1.  **Relationships:** Cleopatra famously formed alliances and relationships, particularly romantic relationships, to secure Egypt's interests. She famously had relationships Julius Caesar and Julius Caesar's heir Octavian (later Augustus Caesar), Julius Caesar's adopted son.

2.  **Egyptian Politics:** Cleopatra VII was a skilled diplomat and strategist, using alliances and relationships strategically. She was known for securing Egypt's interests in Egypt and maintaining Egypt's influence in the Mediterranean region.

3.  **Egyptian Economy:** Cleopatra VII was known for expanding Egypt's economy, particularly in Egypt's agricultural sector. She also invested in Egypt's infrastructure, including Egypt's famous Alexandrian Library.

4.  **Egyptian Culture:** Cleopatra VII was known for promoting Egyptian culture, particularly Egyptian arts and Egyptian architecture. She was also known for promoting Egyptian traditions and Egyptian religion.

Eventually Cleopatra VII was defeated by Octavian in the Alexandrian War in 30 BCE, and ultimately died in August 30 BCE, allegedly by poisoning herself.

=== Timing ===
Normal: 13.1s | Ablated: 13.6s | Amplified: 9.4s
