=== Prompt ===
Describe the character Mario from Nintendo.

=== Normal Response ===
Mario is a fictional character and the main protagonist in the popular Nintendo video game series 'Super Mario.' He was created by the renowned video game designer, Shigeru Miyamoto, and first appeared in the arcade game 'Donkey Kong' in 1981.

Mario is a short, mustachioed, and cheerful Italian-American plumber who lives in the Mushroom Kingdom. He is known for his red hat, blue overalls, and red shirt. He is often accompanied by his brother, Luigi, who is also a plumber and a recurring character in the series.

Mario's primary goal is to rescue Princess Peach from the clutches of the main antagonist, Bowser, a large and fire-breathing turtle-like creature. Throughout the series, Mario must navigate through various levels, collecting power-ups and coins while avoiding obstacles and enemies to reach the final goal.

Mario's character has undergone several transformations over the years, but his core personality remains the same: he is brave, determined, and always willing to help those in need. He is also known for his iconic jumping ability, which allows him to traverse the Mushroom Kingdom with ease.

Mario has become a cultural icon and a symbol of Nintendo, appearing in numerous games, TV shows, and merchandise. He has also been the subject of various spin-offs, including platformers, racing games, and sports games.

=== Ablated Response (multiplier=0.0) ===
The character of Mario from the popular Nintendo franchise is a well-known and beloved figure. Here's a brief description of his character profile:

**Name:** Mario (also known as Jumpman in his first appearance)
** Species:** Human (anthropomorphic)
**Age:** Middle-aged (varies depending on the game)
**Occupation:** Plumber, Adventurer, and Hero
**Personality:** Mario is a cheerful, optimistic, and determined character. He's known for his red hat, blue overalls, and mustache. He's a bit of a goofball and often gets himself into trouble, but he always means well and will stop at nothing to rescue those in need.

**Abilities:**

* Superhuman jumping and running abilities
* Strength and agility
* Ability to break and power-up bricks and other objects
* Skilled at navigating through pipes and other obstacles
* Expert at rescuing Princess Peach from Bowser's clutches

**Goals:**

* Rescue Princess Peach from the clutches of Bowser
* Defeat Bowser and his minions
* Save the Mushroom Kingdom from various threats and catastrophes

**Famous catchphrases:**

* "It's-a me, Mario!"
* "Let's-a go!"
* "Whoa, that's-a no good!"

**Gaming history:** Mario first appeared in the 1981 arcade game Donkey Kong, where he was known as Jumpman. He later became the main character in the platformer series that bears his name, with the first game, "Super Mario Bros.," released in 1985 for the NES. Since then, Mario has become one of the most recognizable and beloved characters in the world of video games.

=== Amplified Response (multiplier=3.0) ===
Mario is a iconic fictional character created by Nintendo, originally appearing in the iconic video game Super Mario Bros. released in 1985. He is a plumber, protagonist, and mascot of Nintendo, renowned for his iconic appearance, charming personality, and iconic adventures.

Characteristics:

1. Appearance: Mario is depicted in a red hat, blue shirt, blue shorts, and brown shoes. He wears a mushroom-shaped hat, resembling Mario's iconic mushroom-like haircut.

2. Personality: Mario is portrayed to be cheerful, energetic, and courageous. He is driven by kindness, kindness towards his brother Luigi, Princess Peach, and the inhabitants of the Mushroom Kingdom.

3. Abilities: Mario possesses incredible jumping prowess, agility, and incredible strength. He is skilled in plumbing skills, utilizing pipes, pipes, pipes, pipesHeaderCode pipesHeaderCodeHeaderCodeHeaderCodeHeaderCodeHeaderCodeHeaderCode

=== Timing ===
Normal: 7.0s | Ablated: 9.3s | Amplified: 4.5s
