Circuit: 1600 neurons, logit_diff=0.0000
Prompt: [contrastive: 8 pos vs 8 neg]
Target: [contrastive]
Layers touched: [6, 7, 8, 9, 11, 14, 16, 17, 18, 19, 20, 21, 22, 23, 24, 25, 26, 27, 28, 29, 30, 31]
  L6: 1 neurons, top=-0.078125
  L7: 2 neurons, top=-0.125000
  L8: 3 neurons, top=-0.156250
  L9: 3 neurons, top=0.125000
  L11: 1 neurons, top=-0.029297
  L14: 3 neurons, top=-0.129883
  L16: 2 neurons, top=-0.062500
  L17: 3 neurons, top=-0.020020
  L18: 4 neurons, top=-0.031250
  L19: 7 neurons, top=0.023438
  L20: 6 neurons, top=-0.023438
  L21: 11 neurons, top=-0.031250
  L22: 9 neurons, top=0.022461
  L23: 17 neurons, top=-0.093750
  L24: 15 neurons, top=-0.062500
  L25: 35 neurons, top=-0.046875
  L26: 45 neurons, top=-0.042969
  L27: 59 neurons, top=-0.050781
  L28: 82 neurons, top=-0.078125
  L29: 150 neurons, top=0.085938
  L30: 311 neurons, top=-0.111328
  L31: 831 neurons, top=0.390625
